BL51 BANKED LINKER/LOCATER V6.22                                                        08/06/2018  16:22:31  PAGE 1


BL51 BANKED LINKER/LOCATER V6.22, INVOKED BY:
C:\KEIL\C51\BIN\BL51.EXE Delay_Fun.obj, EEPROM_Fun.obj, Lcd_Fun.obj, Stc_Math.obj, main.obj, ADC_Fun.obj, AM2305.obj TO 
>> new_board RAMSIZE (256)


MEMORY MODEL: LARGE


INPUT MODULES INCLUDED:
  Delay_Fun.obj (DELAY_FUN)
  EEPROM_Fun.obj (EEPROM_FUN)
  Lcd_Fun.obj (LCD_FUN)
  Stc_Math.obj (STC_MATH)
  main.obj (MAIN)
  ADC_Fun.obj (ADC_FUN)
  AM2305.obj (AM2305)
  C:\KEIL\C51\LIB\C51L.LIB (?C_STARTUP)
  C:\KEIL\C51\LIB\C51L.LIB (?C?CLDPTR)
  C:\KEIL\C51\LIB\C51L.LIB (?C?CLDOPTR)
  C:\KEIL\C51\LIB\C51L.LIB (?C?CSTPTR)
  C:\KEIL\C51\LIB\C51L.LIB (?C?CSTOPTR)
  C:\KEIL\C51\LIB\C51L.LIB (?C?IMUL)
  C:\KEIL\C51\LIB\C51L.LIB (?C?ILDIX)
  C:\KEIL\C51\LIB\C51L.LIB (?C?LMUL)
  C:\KEIL\C51\LIB\C51L.LIB (?C?ULDIV)
  C:\KEIL\C51\LIB\C51L.LIB (?C?ULCMP)
  C:\KEIL\C51\LIB\C51L.LIB (?C?ULSHR)
  C:\KEIL\C51\LIB\C51L.LIB (?C?LSTXDATA)
  C:\KEIL\C51\LIB\C51L.LIB (?C?OFFXADD)
  C:\KEIL\C51\LIB\C51L.LIB (?C?CCASE)
  C:\KEIL\C51\LIB\C51L.LIB (?C?ICASE)
  C:\KEIL\C51\LIB\C51L.LIB (?C?LIMUL)
  C:\KEIL\C51\LIB\C51L.LIB (?C_INIT)


LINK MAP OF MODULE:  new_board (DELAY_FUN)


            TYPE    BASE      LENGTH    RELOCATION   SEGMENT NAME
            -----------------------------------------------------

            * * * * * * *   D A T A   M E M O R Y   * * * * * * *
            REG     0000H     0008H     ABSOLUTE     "REG BANK 0"
            REG     0008H     0008H     ABSOLUTE     "REG BANK 1"
            REG     0010H     0008H     ABSOLUTE     "REG BANK 2"
                    0018H     0008H                  *** GAP ***
            BIT     0020H.0   0001H.2   UNIT         ?BI?MAIN
            BIT     0021H.2   0000H.1   UNIT         ?BI?LCDBUSY?LCD_FUN
            BIT     0021H.3   0000H.1   UNIT         _BIT_GROUP_
                    0021H.4   0000H.4                *** GAP ***
            IDATA   0022H     0001H     UNIT         ?STACK

            * * * * * * *  X D A T A   M E M O R Y  * * * * * * *
            XDATA   0000H     0317H     UNIT         ?XD?MAIN
            XDATA   0317H     002BH     UNIT         _XDATA_GROUP_
            XDATA   0342H     0005H     UNIT         ?XD?HEART_PROCESS?MAIN
            XDATA   0347H     0003H     UNIT         ?XD?_SENDSTRING2?MAIN
            XDATA   034AH     0003H     UNIT         ?XD?_SENDSTRING1?MAIN
BL51 BANKED LINKER/LOCATER V6.22                                                      08/06/2018  16:22:31  PAGE 2


            XDATA   034DH     0003H     UNIT         ?XD?_GET_BUFF1?MAIN
            XDATA   0350H     0003H     UNIT         ?XD?WIFI_HTTPD_GET?MAIN
            XDATA   0353H     0001H     UNIT         ?XD?GET_MODE?MAIN
            XDATA   0354H     0001H     UNIT         ?XD?GET_WSLK?MAIN
            XDATA   0355H     0001H     UNIT         ?XD?PING_IP_ADDR?MAIN
            XDATA   0356H     0001H     UNIT         ?XD?WIFI_STA?MAIN
            XDATA   0357H     0001H     UNIT         ?XD?WIFI_APSTA?MAIN
            XDATA   0358H     0001H     UNIT         ?XD?WIFI_STATUS?MAIN
            XDATA   0359H     0001H     UNIT         ?XD?COMMAND_01?MAIN

            * * * * * * *   C O D E   M E M O R Y   * * * * * * *
            CODE    0000H     0003H     ABSOLUTE     
            CODE    0003H     0003H     ABSOLUTE     
            CODE    0006H     0003H     UNIT         ?PR?EXINT0?MAIN
                    0009H     0002H                  *** GAP ***
            CODE    000BH     0003H     ABSOLUTE     
            CODE    000EH     0015H     UNIT         ?PR?_LCDWRITECMD?LCD_FUN
            CODE    0023H     0003H     ABSOLUTE     
            CODE    0026H     001CH     UNIT         ?PR?WIFI_MDCH?MAIN
                    0042H     0001H                  *** GAP ***
            CODE    0043H     0003H     ABSOLUTE     
            CODE    0046H     22F3H     UNIT         ?PR?MAIN?MAIN
            CODE    2339H     0424H     UNIT         ?CO?MAIN
            CODE    275DH     03EDH     UNIT         ?PR?_SHOWLINE?MAIN
            CODE    2B4AH     0328H     UNIT         ?PR?COMMAND_09?MAIN
            CODE    2E72H     02FEH     UNIT         ?PR?COMMAND_13?MAIN
            CODE    3170H     027BH     UNIT         ?C?LIB_CODE
            CODE    33EBH     01C9H     UNIT         ?PR?COMMAND_0F?MAIN
            CODE    35B4H     0153H     UNIT         ?PR?_WORDTOSTR?MAIN
            CODE    3707H     0150H     UNIT         ?PR?HEART_PROCESS?MAIN
            CODE    3857H     00F7H     UNIT         ?PR?_PARSE?MAIN
            CODE    394EH     00D7H     UNIT         ?PR?COMMAND_1F?MAIN
            CODE    3A25H     00D6H     UNIT         ?PR?PING_IP_ADDR?MAIN
            CODE    3AFBH     00CAH     UNIT         ?PR?COMMAND_17?MAIN
            CODE    3BC5H     00C9H     UNIT         ?PR?WIFI_HTTPD_GET?MAIN
            CODE    3C8EH     00B6H     UNIT         ?PR?_AVERAGE?STC_MATH
            CODE    3D44H     00A9H     UNIT         ?PR?COMMAND_01?MAIN
            CODE    3DEDH     0094H     UNIT         ?PR?COMMAND_07?MAIN
            CODE    3E81H     008CH     UNIT         ?C_C51STARTUP
            CODE    3F0DH     008AH     UNIT         ?PR?WIFI_AP?MAIN
            CODE    3F97H     0085H     UNIT         ?PR?WIFI_STATUS?MAIN
            CODE    401CH     0083H     UNIT         ?PR?GET_WSLK?MAIN
            CODE    409FH     007BH     UNIT         ?PR?GET_MODE?MAIN
            CODE    411AH     0078H     UNIT         ?PR?COMMAND_19?MAIN
            CODE    4192H     006DH     UNIT         ?PR?SCREEN_REFRESH?MAIN
            CODE    41FFH     0065H     UNIT         ?PR?_GETSECTOR?EEPROM_FUN
            CODE    4264H     0065H     UNIT         ?PR?_WRITESECTOR?EEPROM_FUN
            CODE    42C9H     0063H     UNIT         ?PR?AM2305_READBYTE?AM2305
            CODE    432CH     005EH     UNIT         ?PR?ADC_P_INIT?MAIN
            CODE    438AH     005AH     UNIT         ?PR?DATA_P_INIT?MAIN
            CODE    43E4H     0057H     UNIT         ?PR?COMMAND_1B?MAIN
            CODE    443BH     0057H     UNIT         ?PR?COMMAND_1D?MAIN
            CODE    4492H     0055H     UNIT         ?PR?_COMPARE?STC_MATH
            CODE    44E7H     0050H     UNIT         ?PR?_GET_BUFF2?MAIN
            CODE    4537H     004FH     UNIT         ?PR?_GET_BUFF1?MAIN
            CODE    4586H     0049H     UNIT         ?PR?UART2?MAIN
            CODE    45CFH     0048H     UNIT         ?PR?TIMER_UART_INIT?MAIN
BL51 BANKED LINKER/LOCATER V6.22                                                      08/06/2018  16:22:31  PAGE 3


            CODE    4617H     0041H     UNIT         ?PR?TM0_ISR?MAIN
            CODE    4658H     0041H     UNIT         ?PR?_AM2305_START?AM2305
            CODE    4699H     0040H     UNIT         ?PR?COMMAND_15?MAIN
            CODE    46D9H     003FH     UNIT         ?PR?UART_ISR?MAIN
            CODE    4718H     003FH     UNIT         ?PR?WIFI_CMODE?MAIN
            CODE    4757H     0038H     UNIT         ?PR?COMMAND_11?MAIN
            CODE    478FH     0034H     UNIT         ?PR?LCDINIT1?LCD_FUN
            CODE    47C3H     0033H     UNIT         ?PR?_SENDSTRING2?MAIN
            CODE    47F6H     0033H     UNIT         ?PR?_SENDSTRING1?MAIN
            CODE    4829H     002FH     UNIT         ?PR?_INITADC?ADC_FUN
            CODE    4858H     002CH     UNIT         ?PR?_REVERSE8?LCD_FUN
            CODE    4884H     0028H     UNIT         ?PR?LCDINIT?LCD_FUN
            CODE    48ACH     0022H     UNIT         ?PR?WIFI_STA?MAIN
            CODE    48CEH     0021H     UNIT         ?PR?_START_TIMER0?MAIN
            CODE    48EFH     0020H     UNIT         ?PR?_SENDDATA2?MAIN
            CODE    490FH     001FH     UNIT         ?PR?WIFI_TMODE?MAIN
            CODE    492EH     001CH     UNIT         ?PR?WIFI_APSTA?MAIN
            CODE    494AH     001AH     UNIT         ?PR?_IAPERASESECTOR?EEPROM_FUN
            CODE    4964H     0019H     UNIT         ?PR?_IAPPROGRAMBYTE?EEPROM_FUN
            CODE    497DH     0018H     UNIT         ?PR?_IAPREADBYTE?EEPROM_FUN
            CODE    4995H     0018H     UNIT         ?PR?_VIN_8?ADC_FUN
            CODE    49ADH     0017H     UNIT         ?PR?_DELAYMS?DELAY_FUN
            CODE    49C4H     0017H     UNIT         ?PR?LCDBUSY?LCD_FUN
            CODE    49DBH     0017H     UNIT         ?PR?_LCDWRITEDAT?LCD_FUN
            CODE    49F2H     0017H     UNIT         ?PR?_GETADCRESULT?ADC_FUN
            CODE    4A09H     0012H     UNIT         ?PR?RDBF?LCD_FUN
            CODE    4A1BH     0012H     UNIT         ?PR?_SENDDATA1?MAIN
            CODE    4A2DH     000EH     UNIT         ?PR?WIFI_RESTART?MAIN
            CODE    4A3BH     000DH     UNIT         ?PR?DELAY1MS?DELAY_FUN
            CODE    4A48H     000DH     UNIT         ?PR?IAPIDLE?EEPROM_FUN
            CODE    4A55H     000DH     UNIT         ?PR?CLEARBUFF2?MAIN
            CODE    4A62H     000DH     UNIT         ?PR?CLEARPRO_BUFFER?MAIN
            CODE    4A6FH     000CH     UNIT         ?PR?CLEARBUFF1?MAIN
            CODE    4A7BH     000CH     UNIT         ?PR?WIFI_RESTART2?MAIN
            CODE    4A87H     000BH     UNIT         ?PR?_DELAYXUS?DELAY_FUN
            CODE    4A92H     0007H     UNIT         ?C_INITSEG
            CODE    4A99H     0006H     UNIT         ?PR?EXTRA_P_INIT?MAIN



OVERLAY MAP OF MODULE:   new_board (DELAY_FUN)


SEGMENT                                   BIT_GROUP          XDATA_GROUP
  +--> CALLED SEGMENT                  START    LENGTH     START    LENGTH
--------------------------------------------------------------------------
?C_C51STARTUP                          -----    -----      -----    -----
  +--> ?PR?MAIN?MAIN
  +--> ?C_INITSEG

?PR?MAIN?MAIN                          -----    -----      0317H    000DH
  +--> ?PR?_DELAYMS?DELAY_FUN
  +--> ?PR?_GETSECTOR?EEPROM_FUN
  +--> ?PR?SCREEN_REFRESH?MAIN
  +--> ?PR?LCDINIT1?LCD_FUN
  +--> ?PR?_SHOWLINE?MAIN
  +--> ?PR?TIMER_UART_INIT?MAIN
BL51 BANKED LINKER/LOCATER V6.22                                                      08/06/2018  16:22:31  PAGE 4


  +--> ?PR?ADC_P_INIT?MAIN
  +--> ?PR?_INITADC?ADC_FUN
  +--> ?PR?DATA_P_INIT?MAIN
  +--> ?PR?_WORDTOSTR?MAIN
  +--> ?PR?CLEARBUFF2?MAIN
  +--> ?PR?_START_TIMER0?MAIN
  +--> ?PR?_AM2305_START?AM2305
  +--> ?PR?AM2305_READBYTE?AM2305
  +--> ?PR?_GETADCRESULT?ADC_FUN
  +--> ?PR?_AVERAGE?STC_MATH
  +--> ?PR?_VIN_8?ADC_FUN
  +--> ?PR?_COMPARE?STC_MATH
  +--> ?PR?_SENDDATA1?MAIN
  +--> ?PR?_SENDDATA2?MAIN
  +--> ?PR?CLEARBUFF1?MAIN
  +--> ?PR?_GET_BUFF2?MAIN
  +--> ?PR?_PARSE?MAIN
  +--> ?PR?COMMAND_07?MAIN
  +--> ?PR?COMMAND_09?MAIN
  +--> ?PR?_IAPERASESECTOR?EEPROM_FUN
  +--> ?PR?_WRITESECTOR?EEPROM_FUN
  +--> ?PR?COMMAND_0F?MAIN
  +--> ?PR?COMMAND_11?MAIN
  +--> ?PR?COMMAND_13?MAIN
  +--> ?PR?COMMAND_15?MAIN
  +--> ?PR?COMMAND_17?MAIN
  +--> ?PR?COMMAND_19?MAIN
  +--> ?PR?COMMAND_1B?MAIN
  +--> ?PR?COMMAND_1D?MAIN
  +--> ?PR?COMMAND_1F?MAIN

?PR?_DELAYMS?DELAY_FUN                 -----    -----      -----    -----
  +--> ?PR?DELAY1MS?DELAY_FUN

?PR?DELAY1MS?DELAY_FUN                 -----    -----      -----    -----
  +--> ?PR?_DELAYXUS?DELAY_FUN

?PR?_GETSECTOR?EEPROM_FUN              -----    -----      0324H    0007H
  +--> ?PR?_IAPREADBYTE?EEPROM_FUN

?PR?_IAPREADBYTE?EEPROM_FUN            -----    -----      -----    -----
  +--> ?PR?IAPIDLE?EEPROM_FUN

?PR?LCDINIT1?LCD_FUN                   -----    -----      -----    -----
  +--> ?PR?_DELAYXUS?DELAY_FUN
  +--> ?PR?_LCDWRITECMD?LCD_FUN
  +--> ?PR?_DELAYMS?DELAY_FUN

?PR?_LCDWRITECMD?LCD_FUN               -----    -----      -----    -----
  +--> ?PR?RDBF?LCD_FUN
  +--> ?PR?_REVERSE8?LCD_FUN

?PR?_SHOWLINE?MAIN                     0021H.3  0000H.1    0324H    0014H
  +--> ?PR?_WORDTOSTR?MAIN
  +--> ?CO?MAIN
  +--> ?PR?_LCDWRITECMD?LCD_FUN
  +--> ?PR?_LCDWRITEDAT?LCD_FUN
BL51 BANKED LINKER/LOCATER V6.22                                                      08/06/2018  16:22:31  PAGE 5



?PR?_WORDTOSTR?MAIN                    -----    -----      0338H    000AH

?PR?_LCDWRITEDAT?LCD_FUN               -----    -----      -----    -----
  +--> ?PR?RDBF?LCD_FUN
  +--> ?PR?_REVERSE8?LCD_FUN

?PR?_INITADC?ADC_FUN                   -----    -----      0324H    0002H
  +--> ?PR?DELAY1MS?DELAY_FUN

?PR?_START_TIMER0?MAIN                 0021H.3  0000H.1    -----    -----

?PR?_AM2305_START?AM2305               -----    -----      -----    -----
  +--> ?PR?_DELAYMS?DELAY_FUN
  +--> ?PR?_DELAYXUS?DELAY_FUN

?PR?AM2305_READBYTE?AM2305             -----    -----      0324H    0004H
  +--> ?PR?_DELAYXUS?DELAY_FUN

?PR?_AVERAGE?STC_MATH                  -----    -----      0324H    0006H

?PR?_COMPARE?STC_MATH                  -----    -----      0324H    0001H

?PR?_GET_BUFF2?MAIN                    -----    -----      0324H    0003H

?PR?_PARSE?MAIN                        -----    -----      0324H    0007H

?PR?COMMAND_07?MAIN                    -----    -----      0324H    0006H

?PR?COMMAND_09?MAIN                    -----    -----      0324H    0005H

?PR?_IAPERASESECTOR?EEPROM_FUN         -----    -----      -----    -----
  +--> ?PR?IAPIDLE?EEPROM_FUN

?PR?_WRITESECTOR?EEPROM_FUN            -----    -----      0324H    0007H
  +--> ?PR?_IAPPROGRAMBYTE?EEPROM_FUN

?PR?_IAPPROGRAMBYTE?EEPROM_FUN         -----    -----      -----    -----
  +--> ?PR?IAPIDLE?EEPROM_FUN

?PR?COMMAND_0F?MAIN                    -----    -----      0324H    0005H

?PR?COMMAND_11?MAIN                    -----    -----      -----    -----
  +--> ?PR?ADC_P_INIT?MAIN
  +--> ?PR?DATA_P_INIT?MAIN
  +--> ?PR?EXTRA_P_INIT?MAIN
  +--> ?PR?_IAPERASESECTOR?EEPROM_FUN
  +--> ?PR?_WRITESECTOR?EEPROM_FUN

?PR?COMMAND_13?MAIN                    -----    -----      0324H    0003H

?PR?COMMAND_17?MAIN                    -----    -----      0324H    0007H

?PR?COMMAND_19?MAIN                    -----    -----      0324H    0003H

?PR?COMMAND_1B?MAIN                    -----    -----      0324H    0003H

BL51 BANKED LINKER/LOCATER V6.22                                                      08/06/2018  16:22:31  PAGE 6


?PR?COMMAND_1D?MAIN                    -----    -----      0324H    0003H



UNRESOLVED EXTERNAL SYMBOLS:
   DS18B20_INIT
   DS18B20_READBYTE
   _GET_DECIMAL
   _GET_INTEGER



SYMBOL TABLE OF MODULE:  new_board (DELAY_FUN)

  VALUE           TYPE          NAME
  ----------------------------------

  -------         MODULE        DELAY_FUN
  C:0000H         SYMBOL        _ICE_DUMMY_
  C:4A3BH         PUBLIC        Delay1ms
  C:4A87H         PUBLIC        _DelayXus
  C:49ADH         PUBLIC        _Delayms
  -------         PROC          _DELAYXUS
  D:0007H         SYMBOL        n
  C:4A87H         LINE#         15
  C:4A87H         LINE#         16
  C:4A87H         LINE#         17
  C:4A8DH         LINE#         18
  C:4A8DH         LINE#         19
  C:4A8EH         LINE#         20
  C:4A8FH         LINE#         21
  C:4A91H         LINE#         22
  -------         ENDPROC       _DELAYXUS
  -------         PROC          DELAY1MS
  -------         DO            
  D:0005H         SYMBOL        i
  -------         ENDDO         
  C:4A3BH         LINE#         27
  C:4A3BH         LINE#         28
  C:4A3BH         LINE#         30
  C:4A3DH         LINE#         31
  C:4A3DH         LINE#         32
  C:4A42H         LINE#         33
  C:4A47H         LINE#         34
  -------         ENDPROC       DELAY1MS
  -------         PROC          _DELAYMS
  D:0002H         SYMBOL        Num
  -------         DO            
  D:0082H         SYMBOL        i
  -------         ENDDO         
  C:49ADH         LINE#         39
  C:49B1H         LINE#         40
  C:49B1H         LINE#         42
  C:49BDH         LINE#         43
  C:49BDH         LINE#         44
  C:49C0H         LINE#         45
  C:49C3H         LINE#         46
BL51 BANKED LINKER/LOCATER V6.22                                                      08/06/2018  16:22:31  PAGE 7


  -------         ENDPROC       _DELAYMS
  -------         ENDMOD        DELAY_FUN

  -------         MODULE        EEPROM_FUN
  C:0000H         SYMBOL        _ICE_DUMMY_
  C:4264H         PUBLIC        _WriteSector
  C:494AH         PUBLIC        _IapEraseSector
  B:00A8H.7       PUBLIC        EA
  C:4964H         PUBLIC        _IapProgramByte
  D:00C5H         PUBLIC        IAP_CMD
  C:41FFH         PUBLIC        _GetSector
  C:4A48H         PUBLIC        IapIdle
  D:00C3H         PUBLIC        IAP_ADDRH
  D:00C4H         PUBLIC        IAP_ADDRL
  C:497DH         PUBLIC        _IapReadByte
  D:00C7H         PUBLIC        IAP_CONTR
  D:00C2H         PUBLIC        IAP_DATA
  D:00C6H         PUBLIC        IAP_TRIG
  -------         PROC          IAPIDLE
  C:4A48H         LINE#         7
  C:4A48H         LINE#         8
  C:4A48H         LINE#         9
  C:4A4BH         LINE#         10
  C:4A4DH         LINE#         11
  C:4A4FH         LINE#         12
  C:4A52H         LINE#         13
  C:4A54H         LINE#         14
  -------         ENDPROC       IAPIDLE
  -------         PROC          _IAPREADBYTE
  D:0006H         SYMBOL        addr
  -------         DO            
  D:0007H         SYMBOL        dat
  -------         ENDDO         
  C:497DH         LINE#         21
  C:497DH         LINE#         22
  C:497DH         LINE#         25
  C:4980H         LINE#         26
  C:4983H         LINE#         27
  C:4985H         LINE#         28
  C:4988H         LINE#         29
  C:498BH         LINE#         30
  C:498EH         LINE#         31
  C:498FH         LINE#         32
  C:4991H         LINE#         33
  C:4994H         LINE#         35
  C:4994H         LINE#         36
  -------         ENDPROC       _IAPREADBYTE
  -------         PROC          _IAPPROGRAMBYTE
  D:0006H         SYMBOL        addr
  D:0005H         SYMBOL        dat
  C:4964H         LINE#         44
  C:4964H         LINE#         45
  C:4964H         LINE#         46
  C:4967H         LINE#         47
  C:496AH         LINE#         48
  C:496CH         LINE#         49
  C:496FH         LINE#         50
BL51 BANKED LINKER/LOCATER V6.22                                                      08/06/2018  16:22:31  PAGE 8


  C:4973H         LINE#         51
  C:4976H         LINE#         52
  C:4979H         LINE#         53
  C:497AH         LINE#         54
  -------         ENDPROC       _IAPPROGRAMBYTE
  -------         PROC          _IAPERASESECTOR
  D:0006H         SYMBOL        addr
  C:494AH         LINE#         62
  C:494AH         LINE#         63
  C:494AH         LINE#         64
  C:494CH         LINE#         65
  C:494FH         LINE#         66
  C:4952H         LINE#         67
  C:4954H         LINE#         68
  C:4957H         LINE#         69
  C:495AH         LINE#         70
  C:495DH         LINE#         71
  C:495EH         LINE#         72
  C:4961H         LINE#         73
  C:4963H         LINE#         74
  -------         ENDPROC       _IAPERASESECTOR
  -------         PROC          _GETSECTOR
  D:0007H         SYMBOL        iap_num
  X:0324H         SYMBOL        EEPROM_Buffer
  -------         DO            
  X:0327H         SYMBOL        i
  X:0329H         SYMBOL        Addr
  -------         ENDDO         
  C:41FFH         LINE#         79
  C:420AH         LINE#         80
  C:420AH         LINE#         82
  C:4214H         LINE#         83
  C:4216H         LINE#         84
  C:422AH         LINE#         85
  C:422AH         LINE#         86
  C:4251H         LINE#         87
  C:4261H         LINE#         88
  C:4263H         LINE#         89
  -------         ENDPROC       _GETSECTOR
  -------         PROC          _WRITESECTOR
  D:0007H         SYMBOL        iap_num
  X:0324H         SYMBOL        EEPROM_Buffer
  -------         DO            
  X:0327H         SYMBOL        i
  X:0329H         SYMBOL        Addr
  -------         ENDDO         
  C:4264H         LINE#         94
  C:426FH         LINE#         95
  C:426FH         LINE#         97
  C:4279H         LINE#         98
  C:427BH         LINE#         99
  C:428FH         LINE#         100
  C:428FH         LINE#         101
  C:42B6H         LINE#         102
  C:42C6H         LINE#         103
  C:42C8H         LINE#         104
  -------         ENDPROC       _WRITESECTOR
BL51 BANKED LINKER/LOCATER V6.22                                                      08/06/2018  16:22:31  PAGE 9


  -------         ENDMOD        EEPROM_FUN

  -------         MODULE        LCD_FUN
  C:0000H         SYMBOL        _ICE_DUMMY_
  D:0080H         PUBLIC        P0
  D:00A0H         PUBLIC        P2
  B:00A0H.7       PUBLIC        lcden
  B:00A0H.5       PUBLIC        lcdrs
  C:4A09H         PUBLIC        RDBF
  B:00A0H.6       PUBLIC        lcdrw
  C:4884H         PUBLIC        LcdInit
  C:4858H         PUBLIC        _reverse8
  C:000EH         PUBLIC        _LcdWriteCmd
  C:49C4H         PUBLIC        LcdBusy
  C:49DBH         PUBLIC        _LcdWriteDat
  C:478FH         PUBLIC        LcdInit1
  -------         PROC          LCDBUSY
  -------         DO            
  B:0021H.2       SYMBOL        result
  -------         ENDDO         
  C:49C4H         LINE#         10
  C:49C4H         LINE#         11
  C:49C4H         LINE#         13
  C:49C7H         LINE#         14
  C:49C9H         LINE#         15
  C:49CBH         LINE#         16
  C:49CDH         LINE#         17
  C:49CEH         LINE#         18
  C:49CFH         LINE#         19
  C:49D0H         LINE#         20
  C:49D1H         LINE#         21
  C:49D6H         LINE#         22
  C:49D8H         LINE#         23
  C:49DAH         LINE#         24
  -------         ENDPROC       LCDBUSY
  -------         PROC          RDBF
  -------         DO            
  D:0007H         SYMBOL        temp
  -------         ENDDO         
  C:4A09H         LINE#         26
  C:4A09H         LINE#         27
  C:4A09H         LINE#         29
  C:4A0CH         LINE#         30
  C:4A0EH         LINE#         31
  C:4A10H         LINE#         33
  C:4A10H         LINE#         34
  C:4A10H         LINE#         35
  C:4A12H         LINE#         37
  C:4A14H         LINE#         38
  C:4A16H         LINE#         39
  -------         ENDPROC       RDBF
  -------         PROC          _LCDWRITECMD
  D:0006H         SYMBOL        CMD
  C:000EH         LINE#         47
  C:0010H         LINE#         48
  C:0010H         LINE#         71
  C:0013H         LINE#         73
BL51 BANKED LINKER/LOCATER V6.22                                                      08/06/2018  16:22:31  PAGE 10


  C:0015H         LINE#         74
  C:0017H         LINE#         75
  C:001EH         LINE#         76
  C:0020H         LINE#         77
  C:0022H         LINE#         80
  -------         ENDPROC       _LCDWRITECMD
  -------         PROC          _LCDWRITEDAT
  D:0006H         SYMBOL        Dat
  C:49DBH         LINE#         85
  C:49DDH         LINE#         86
  C:49DDH         LINE#         89
  C:49E0H         LINE#         90
  C:49E2H         LINE#         91
  C:49E4H         LINE#         92
  C:49E6H         LINE#         95
  C:49EDH         LINE#         102
  C:49EFH         LINE#         104
  C:49F1H         LINE#         116
  -------         ENDPROC       _LCDWRITEDAT
  -------         PROC          LCDINIT
  C:4884H         LINE#         121
  C:4884H         LINE#         122
  C:4884H         LINE#         123
  C:4889H         LINE#         124
  C:488EH         LINE#         125
  C:4893H         LINE#         126
  C:4898H         LINE#         127
  C:489DH         LINE#         128
  C:48A2H         LINE#         131
  C:48A7H         LINE#         132
  -------         ENDPROC       LCDINIT
  -------         PROC          LCDINIT1
  C:478FH         LINE#         143
  C:478FH         LINE#         144
  C:478FH         LINE#         149
  C:4794H         LINE#         150
  C:4799H         LINE#         152
  C:479EH         LINE#         153
  C:47A3H         LINE#         154
  C:47A8H         LINE#         155
  C:47ADH         LINE#         157
  C:47B2H         LINE#         158
  C:47B7H         LINE#         159
  C:47BEH         LINE#         163
  -------         ENDPROC       LCDINIT1
  -------         PROC          _REVERSE8
  D:0007H         SYMBOL        c
  C:4858H         LINE#         169
  C:4858H         LINE#         170
  C:4858H         LINE#         171
  C:4865H         LINE#         172
  C:4875H         LINE#         173
  C:4883H         LINE#         174
  C:4883H         LINE#         175
  -------         ENDPROC       _REVERSE8
  -------         ENDMOD        LCD_FUN

BL51 BANKED LINKER/LOCATER V6.22                                                      08/06/2018  16:22:31  PAGE 11


  -------         MODULE        STC_MATH
  C:0000H         SYMBOL        _ICE_DUMMY_
  C:3C8EH         PUBLIC        _Average
  C:4492H         PUBLIC        _Compare
  -------         PROC          _AVERAGE
  X:0324H         SYMBOL        str
  -------         DO            
  D:0007H         SYMBOL        i
  D:0006H         SYMBOL        Max
  X:0327H         SYMBOL        Min
  X:0328H         SYMBOL        sum
  -------         ENDDO         
  C:3C8EH         LINE#         4
  C:3C99H         LINE#         5
  C:3C99H         LINE#         8
  C:3C9DH         LINE#         9
  C:3CA1H         LINE#         10
  C:3CA3H         LINE#         11
  C:3CA3H         LINE#         12
  C:3CBBH         LINE#         13
  C:3CBBH         LINE#         14
  C:3CBDH         LINE#         15
  C:3CBDH         LINE#         16
  C:3CC7H         LINE#         17
  C:3CC7H         LINE#         18
  C:3CDEH         LINE#         19
  C:3CDEH         LINE#         20
  C:3CE3H         LINE#         21
  C:3CEAH         LINE#         22
  C:3CEBH         LINE#         23
  C:3CEBH         LINE#         24
  C:3D0CH         LINE#         25
  C:3D11H         LINE#         26
  C:3D32H         LINE#         27
  C:3D42H         LINE#         28
  C:3D43H         LINE#         29
  -------         ENDPROC       _AVERAGE
  -------         PROC          _COMPARE
  D:0006H         SYMBOL        first
  D:0004H         SYMBOL        second
  -------         DO            
  D:0001H         SYMBOL        signal1
  X:0324H         SYMBOL        signal2
  -------         ENDDO         
  C:4492H         LINE#         31
  C:4492H         LINE#         32
  C:4492H         LINE#         34
  C:4494H         LINE#         35
  C:4498H         LINE#         36
  C:44A0H         LINE#         37
  C:44A0H         LINE#         38
  C:44A3H         LINE#         39
  C:44A3H         LINE#         40
  C:44A7H         LINE#         41
  C:44A7H         LINE#         42
  C:44A9H         LINE#         43
  C:44A9H         LINE#         44
BL51 BANKED LINKER/LOCATER V6.22                                                      08/06/2018  16:22:31  PAGE 12


  C:44ADH         LINE#         45
  C:44ADH         LINE#         46
  C:44B3H         LINE#         47
  C:44B3H         LINE#         48
  C:44BAH         LINE#         49
  C:44BAH         LINE#         50
  C:44BDH         LINE#         51
  C:44BDH         LINE#         52
  C:44C4H         LINE#         53
  C:44C4H         LINE#         54
  C:44C7H         LINE#         55
  C:44C7H         LINE#         57
  C:44C7H         LINE#         58
  C:44CAH         LINE#         59
  C:44CAH         LINE#         60
  C:44CAH         LINE#         62
  C:44CAH         LINE#         63
  C:44D1H         LINE#         64
  C:44D1H         LINE#         65
  C:44D4H         LINE#         66
  C:44D4H         LINE#         68
  C:44D4H         LINE#         69
  C:44D7H         LINE#         70
  C:44D7H         LINE#         71
  C:44D7H         LINE#         72
  C:44D7H         LINE#         73
  C:44E1H         LINE#         74
  C:44E1H         LINE#         75
  C:44E4H         LINE#         76
  C:44E4H         LINE#         78
  C:44E4H         LINE#         79
  C:44E6H         LINE#         80
  C:44E6H         LINE#         81
  -------         ENDPROC       _COMPARE
  -------         ENDMOD        STC_MATH

  -------         MODULE        MAIN
  C:0000H         SYMBOL        _ICE_DUMMY_
  D:0090H         PUBLIC        P1
  D:00A0H         PUBLIC        P2
  C:3F0DH         PUBLIC        Wifi_AP
  X:0000H         PUBLIC        Timer_Step
  C:3D44H         PUBLIC        Command_01
  C:4757H         PUBLIC        Command_11
  B:00A8H.7       PUBLIC        EA
  X:0002H         PUBLIC        Src_Addr
  X:0004H         PUBLIC        ADC_REF
  C:2E72H         PUBLIC        Command_13
  X:0006H         PUBLIC        DATA_Count
  C:409FH         PUBLIC        Get_Mode
  X:0007H         PUBLIC        DATA_ID
  X:0008H         PUBLIC        EEPROM_Buffer
  C:4699H         PUBLIC        Command_15
  C:3DEDH         PUBLIC        Command_07
  C:3AFBH         PUBLIC        Command_17
  C:2B4AH         PUBLIC        Command_09
  X:0208H         PUBLIC        DATA_100
BL51 BANKED LINKER/LOCATER V6.22                                                      08/06/2018  16:22:31  PAGE 13


  C:24A3H         PUBLIC        INFO_14432
  C:411AH         PUBLIC        Command_19
  C:0026H         PUBLIC        Wifi_MDCH
  X:020AH         PUBLIC        Show_ID
  X:020BH         PUBLIC        Wifi_status_flag
  B:00A8H.4       PUBLIC        ES
  C:33EBH         PUBLIC        Command_0F
  X:020CH         PUBLIC        EXTRA_Decimal
  X:020EH         PUBLIC        EXTRA_sign
  B:0098H.0       PUBLIC        RI
  B:0098H.1       PUBLIC        TI
  C:35C2H         PUBLIC        _WordToStr
  X:020FH         PUBLIC        str_d
  C:4A6FH         PUBLIC        ClearBuff1
  X:0214H         PUBLIC        Timer_Count0
  C:4A55H         PUBLIC        ClearBuff2
  X:0216H         PUBLIC        Send_Buff1
  X:021AH         PUBLIC        str_i
  B:0020H.0       PUBLIC        ding
  X:021FH         PUBLIC        Send_Buff2
  C:3A25H         PUBLIC        PING_IP_ADDR
  C:48CEH         PUBLIC        _Start_Timer0
  C:0046H         PUBLIC        main
  X:025AH         PUBLIC        Recv_Buff1
  B:00A0H.1       PUBLIC        test_315m
  X:025EH         PUBLIC        Recv_Buff2
  X:0299H         PUBLIC        DATA_0
  X:029BH         PUBLIC        Screen_Fresh_Count
  C:4A99H         PUBLIC        EXTRA_P_Init
  C:46D9H         PUBLIC        Uart_Isr
  C:2761H         PUBLIC        _ShowLine
  X:029CH         PUBLIC        DATA_sign
  X:029DH         PUBLIC        DATA_Decimal
  D:0099H         PUBLIC        SBUF
  D:0098H         PUBLIC        SCON
  X:029FH         PUBLIC        ADC_Count
  D:0089H         PUBLIC        TMOD
  X:02A0H         PUBLIC        AM2305_Data
  X:02A5H         PUBLIC        ADC_ID
  C:43E4H         PUBLIC        Command_1b
  C:4192H         PUBLIC        Screen_refresh
  B:00A0H.0       PUBLIC        wifi_reset
  C:4537H         PUBLIC        _Get_Buff1
  C:3BC5H         PUBLIC        Wifi_HTTPD_GET
  C:443BH         PUBLIC        Command_1d
  X:02A6H         PUBLIC        EXTRA_Integer
  C:44E7H         PUBLIC        _Get_Buff2
  C:47F6H         PUBLIC        _SendString1
  X:02A8H         PUBLIC        ADC_100
  C:47C3H         PUBLIC        _SendString2
  C:4A1BH         PUBLIC        _SendData1
  C:3707H         PUBLIC        Heart_Process
  C:394EH         PUBLIC        Command_1f
  C:4A2DH         PUBLIC        Wifi_ReStart
  C:48FBH         PUBLIC        _SendData2
  B:0020H.1       PUBLIC        Screen_Fresh_flag
  C:4718H         PUBLIC        Wifi_CMode
BL51 BANKED LINKER/LOCATER V6.22                                                      08/06/2018  16:22:31  PAGE 14


  B:0020H.2       PUBLIC        fire_sign
  X:02AAH         PUBLIC        SChar_Line
  X:02ABH         PUBLIC        Screen_Fresh
  D:00AFH         PUBLIC        IE2
  X:02ACH         PUBLIC        LCD_ID
  D:008EH         PUBLIC        AUXR
  C:4617H         PUBLIC        tm0_isr
  C:438AH         PUBLIC        DATA_P_Init
  C:401CH         PUBLIC        Get_WSLK
  X:02ADH         PUBLIC        SChar_Time
  X:02AEH         PUBLIC        SChar_Start
  X:02AFH         PUBLIC        Screen_Array
  D:00E0H         PUBLIC        ACC
  X:02B2H         PUBLIC        ADC
  B:00A8H.1       PUBLIC        ET0
  X:02BCH         PUBLIC        Send_Pri2
  D:008CH         PUBLIC        TH0
  X:02BDH         PUBLIC        Remote_Addr
  C:490FH         PUBLIC        Wifi_TMode
  B:00A8H.0       PUBLIC        EX0
  B:0088H.0       PUBLIC        IT0
  D:008DH         PUBLIC        TH1
  X:02BFH         PUBLIC        DATA_Integer
  B:0098H.3       PUBLIC        TB8
  X:02C1H         PUBLIC        Send_Num1
  B:00D0H.0       PUBLIC        P
  C:4586H         PUBLIC        Uart2
  X:02C2H         PUBLIC        Screen_Count
  X:02C3H         PUBLIC        Send_Num2
  D:008AH         PUBLIC        TL0
  D:008BH         PUBLIC        TL1
  X:02C4H         PUBLIC        pro
  B:00A0H.2       PUBLIC        rs485_wr
  X:02FFH         PUBLIC        Recv_Num1
  X:0300H         PUBLIC        Recv_Num2
  B:0088H.4       PUBLIC        TR0
  B:0020H.3       PUBLIC        Server_Flag
  C:261DH         PUBLIC        INFO_1620
  B:0088H.6       PUBLIC        TR1
  C:3F97H         PUBLIC        Wifi_STATUS
  X:0301H         PUBLIC        ADC_0
  C:48ACH         PUBLIC        Wifi_STA
  B:0020H.4       PUBLIC        Timer_Up0
  C:0006H         PUBLIC        exint0
  C:4A62H         PUBLIC        ClearPro_Buffer
  X:0303H         PUBLIC        ADC_sign
  X:0304H         PUBLIC        ADC_Decimal
  X:0306H         PUBLIC        Heart_Count
  B:0020H.5       PUBLIC        recv1
  D:009BH         PUBLIC        S2BUF
  B:0020H.6       PUBLIC        recv2
  X:0308H         PUBLIC        TimerNum0
  D:009AH         PUBLIC        S2CON
  X:030AH         PUBLIC        Heart_Time
  X:030CH         PUBLIC        ADC_Average
  D:009CH         PUBLIC        BRT
  C:492EH         PUBLIC        Wifi_APSTA
BL51 BANKED LINKER/LOCATER V6.22                                                      08/06/2018  16:22:31  PAGE 15


  X:030DH         PUBLIC        TPH
  C:4A7BH         PUBLIC        Wifi_ReStart2
  X:030EH         PUBLIC        YES_NO
  C:432CH         PUBLIC        ADC_P_Init
  X:0310H         PUBLIC        TPL
  X:0311H         PUBLIC        EXTRA_ID
  X:0312H         PUBLIC        Screen_Num
  B:0020H.7       PUBLIC        busy1
  X:0313H         PUBLIC        Seq_Number
  B:0021H.0       PUBLIC        busy2
  X:0314H         PUBLIC        ADC_P
  C:45CFH         PUBLIC        Timer_Uart_Init
  B:0021H.1       PUBLIC        sign_08
  X:0315H         PUBLIC        ADC_Integer
  C:3857H         PUBLIC        _Parse
  -------         PROC          MAIN
  -------         DO            
  X:0317H         SYMBOL        i
  X:0319H         SYMBOL        j
  X:031BH         SYMBOL        integer
  X:031DH         SYMBOL        decimal
  X:031FH         SYMBOL        num
  X:0320H         SYMBOL        k
  X:0321H         SYMBOL        p
  -------         ENDDO         
  C:0046H         LINE#         754
  C:0046H         LINE#         755
  C:0046H         LINE#         759
  C:0058H         LINE#         761
  C:005FH         LINE#         762
  C:006AH         LINE#         763
  C:0070H         LINE#         770
  C:0072H         LINE#         771
  C:007AH         LINE#         772
  C:0082H         LINE#         773
  C:008AH         LINE#         774
  C:0092H         LINE#         775
  C:00A7H         LINE#         776
  C:00AEH         LINE#         777
  C:00AEH         LINE#         778
  C:00BFH         LINE#         779
  C:00C6H         LINE#         780
  C:00C6H         LINE#         781
  C:00C9H         LINE#         782
  C:00CFH         LINE#         783
  C:00D3H         LINE#         784
  C:00DBH         LINE#         785
  C:00E3H         LINE#         786
  C:00E8H         LINE#         787
  C:00F5H         LINE#         788
  C:00F8H         LINE#         789
  C:00FAH         LINE#         790
  C:00FFH         LINE#         791
  C:0101H         LINE#         792
  C:0103H         LINE#         793
  C:0105H         LINE#         794
  C:010CH         LINE#         795
BL51 BANKED LINKER/LOCATER V6.22                                                      08/06/2018  16:22:31  PAGE 16


  C:0111H         LINE#         797
  C:0114H         LINE#         798
  C:0119H         LINE#         799
  C:011DH         LINE#         801
  C:0121H         LINE#         802
  C:0128H         LINE#         803
  C:0128H         LINE#         804
  C:012BH         LINE#         805
  C:013EH         LINE#         806
  C:013EH         LINE#         807
  C:013EH         LINE#         808
  C:013EH         LINE#         809
  C:013EH         LINE#         810
  C:0140H         LINE#         811
  C:0140H         LINE#         812
  C:0140H         LINE#         813
  C:0140H         LINE#         814
  C:0142H         LINE#         818
  C:0142H         LINE#         819
  C:0153H         LINE#         820
  C:0156H         LINE#         821
  C:0158H         LINE#         822
  C:015EH         LINE#         823
  C:0164H         LINE#         824
  C:0166H         LINE#         825
  C:0166H         LINE#         826
  C:0177H         LINE#         827
  C:017AH         LINE#         828
  C:017AH         LINE#         829
  C:017AH         LINE#         830
  C:017AH         LINE#         831
  C:017AH         LINE#         832
  C:017AH         LINE#         835
  C:017FH         LINE#         836
  C:0186H         LINE#         837
  C:0186H         LINE#         838
  C:0189H         LINE#         839
  C:0191H         LINE#         840
  C:0191H         LINE#         849
  C:0191H         LINE#         850
  C:0194H         LINE#         851
  C:0194H         LINE#         854
  C:0194H         LINE#         855
  C:0194H         LINE#         856
  C:0194H         LINE#         857
  C:0194H         LINE#         859
  C:0194H         LINE#         860
  C:0194H         LINE#         861
  C:0194H         LINE#         863
  C:019BH         LINE#         864
  C:019DH         LINE#         865
  C:019FH         LINE#         866
  C:01A1H         LINE#         867
  C:01A1H         LINE#         870
  C:01A8H         LINE#         872
  C:01ADH         LINE#         875
  C:01B3H         LINE#         876
BL51 BANKED LINKER/LOCATER V6.22                                                      08/06/2018  16:22:31  PAGE 17


  C:01B3H         LINE#         877
  C:01BAH         LINE#         878
  C:01BAH         LINE#         883
  C:01C4H         LINE#         884
  C:01C7H         LINE#         903
  C:01C7H         LINE#         904
  C:01C7H         LINE#         915
  C:01C7H         LINE#         916
  C:01C7H         LINE#         921
  C:01CEH         LINE#         922
  C:01D1H         LINE#         926
  C:01D5H         LINE#         927
  C:01D7H         LINE#         928
  C:01D7H         LINE#         929
  C:01DEH         LINE#         930
  C:01DEH         LINE#         932
  C:01EBH         LINE#         934
  C:01F0H         LINE#         935
  C:01F4H         LINE#         936
  C:01F6H         LINE#         937
  C:01F8H         LINE#         940
  C:01F8H         LINE#         941
  C:01F8H         LINE#         944
  C:0203H         LINE#         945
  C:0203H         LINE#         947
  C:0218H         LINE#         948
  C:0218H         LINE#         950
  C:0223H         LINE#         951
  C:0223H         LINE#         952
  C:0223H         LINE#         953
  C:0223H         LINE#         955
  C:0223H         LINE#         956
  C:0229H         LINE#         957
  C:0229H         LINE#         958
  C:022DH         LINE#         959
  C:0231H         LINE#         960
  C:0231H         LINE#         961
  C:0239H         LINE#         962
  C:0239H         LINE#         963
  C:023FH         LINE#         964
  C:023FH         LINE#         965
  C:0243H         LINE#         966
  C:0243H         LINE#         967
  C:0243H         LINE#         968
  C:025BH         LINE#         969
  C:025BH         LINE#         970
  C:025BH         LINE#         971
  C:025BH         LINE#         972
  C:025BH         LINE#         973
  C:025BH         LINE#         974
  C:025BH         LINE#         975
  C:025DH         LINE#         976
  C:0267H         LINE#         977
  C:026CH         LINE#         978
  C:026CH         LINE#         979
  C:0272H         LINE#         980
  C:0272H         LINE#         981
BL51 BANKED LINKER/LOCATER V6.22                                                      08/06/2018  16:22:31  PAGE 18


  C:0285H         LINE#         982
  C:02A2H         LINE#         983
  C:02C9H         LINE#         984
  C:02D0H         LINE#         985
  C:02D0H         LINE#         986
  C:02DDH         LINE#         987
  C:02EAH         LINE#         988
  C:02F8H         LINE#         989
  C:0300H         LINE#         990
  C:0304H         LINE#         991
  C:0304H         LINE#         992
  C:0308H         LINE#         993
  C:030AH         LINE#         994
  C:030AH         LINE#         995
  C:0310H         LINE#         996
  C:0310H         LINE#         997
  C:0312H         LINE#         1004
  C:0312H         LINE#         1005
  C:0319H         LINE#         1006
  C:0319H         LINE#         1007
  C:031BH         LINE#         1008
  C:031EH         LINE#         1009
  C:031EH         LINE#         1010
  C:0321H         LINE#         1011
  C:0329H         LINE#         1012
  C:0331H         LINE#         1013
  C:0341H         LINE#         1014
  C:0351H         LINE#         1015
  C:0360H         LINE#         1016
  C:0360H         LINE#         1017
  C:0367H         LINE#         1018
  C:0367H         LINE#         1019
  C:0372H         LINE#         1020
  C:0372H         LINE#         1021
  C:0379H         LINE#         1022
  C:0379H         LINE#         1023
  C:0380H         LINE#         1024
  C:0380H         LINE#         1025
  C:0383H         LINE#         1026
  C:038DH         LINE#         1027
  C:0397H         LINE#         1028
  C:039AH         LINE#         1030
  C:039AH         LINE#         1031
  C:039DH         LINE#         1032
  C:039DH         LINE#         1033
  C:03A0H         LINE#         1034
  C:03A0H         LINE#         1035
  C:03A2H         LINE#         1036
  C:03ACH         LINE#         1037
  C:03B1H         LINE#         1038
  C:03B1H         LINE#         1039
  C:03B7H         LINE#         1040
  C:03B7H         LINE#         1041
  C:03CAH         LINE#         1042
  C:03E7H         LINE#         1043
  C:040FH         LINE#         1044
  C:0416H         LINE#         1045
BL51 BANKED LINKER/LOCATER V6.22                                                      08/06/2018  16:22:31  PAGE 19


  C:0416H         LINE#         1046
  C:0429H         LINE#         1047
  C:0430H         LINE#         1048
  C:043FH         LINE#         1049
  C:0446H         LINE#         1050
  C:044AH         LINE#         1051
  C:044AH         LINE#         1052
  C:044EH         LINE#         1053
  C:0450H         LINE#         1054
  C:0450H         LINE#         1055
  C:0456H         LINE#         1056
  C:0456H         LINE#         1057
  C:0458H         LINE#         1064
  C:0458H         LINE#         1065
  C:045FH         LINE#         1066
  C:045FH         LINE#         1067
  C:0461H         LINE#         1068
  C:0461H         LINE#         1069
  C:0461H         LINE#         1070
  C:0461H         LINE#         1071
  C:0461H         LINE#         1072
  C:0461H         LINE#         1073
  C:0461H         LINE#         1074
  C:0461H         LINE#         1075
  C:0461H         LINE#         1076
  C:0461H         LINE#         1078
  C:0461H         LINE#         1079
  C:0461H         LINE#         1080
  C:0461H         LINE#         1081
  C:0461H         LINE#         1082
  C:0461H         LINE#         1083
  C:0461H         LINE#         1085
  C:0461H         LINE#         1086
  C:0461H         LINE#         1087
  C:0461H         LINE#         1089
  C:0461H         LINE#         1090
  C:0461H         LINE#         1091
  C:0461H         LINE#         1093
  C:0461H         LINE#         1094
  C:0461H         LINE#         1095
  C:0461H         LINE#         1098
  C:046CH         LINE#         1099
  C:046CH         LINE#         1101
  C:0481H         LINE#         1102
  C:0481H         LINE#         1104
  C:048CH         LINE#         1105
  C:048CH         LINE#         1106
  C:048CH         LINE#         1107
  C:048CH         LINE#         1109
  C:048CH         LINE#         1110
  C:0492H         LINE#         1111
  C:0492H         LINE#         1112
  C:0496H         LINE#         1113
  C:049AH         LINE#         1114
  C:049AH         LINE#         1115
  C:04B6H         LINE#         1116
  C:04B6H         LINE#         1118
BL51 BANKED LINKER/LOCATER V6.22                                                      08/06/2018  16:22:31  PAGE 20


  C:04B6H         LINE#         1119
  C:04BDH         LINE#         1120
  C:04BDH         LINE#         1121
  C:04D6H         LINE#         1122
  C:04E0H         LINE#         1123
  C:04FDH         LINE#         1124
  C:050BH         LINE#         1125
  C:0520H         LINE#         1126
  C:0527H         LINE#         1127
  C:053EH         LINE#         1128
  C:054FH         LINE#         1129
  C:0556H         LINE#         1130
  C:0556H         LINE#         1132
  C:0556H         LINE#         1133
  C:0563H         LINE#         1134
  C:0563H         LINE#         1135
  C:057AH         LINE#         1136
  C:058FH         LINE#         1137
  C:0591H         LINE#         1138
  C:0591H         LINE#         1140
  C:0591H         LINE#         1141
  C:0591H         LINE#         1142
  C:0594H         LINE#         1143
  C:0594H         LINE#         1144
  C:059BH         LINE#         1145
  C:059BH         LINE#         1146
  C:05B4H         LINE#         1147
  C:05BEH         LINE#         1148
  C:05DBH         LINE#         1149
  C:05E9H         LINE#         1150
  C:05FCH         LINE#         1151
  C:05FEH         LINE#         1153
  C:060BH         LINE#         1154
  C:060BH         LINE#         1155
  C:0615H         LINE#         1156
  C:062DH         LINE#         1157
  C:062DH         LINE#         1158
  C:0634H         LINE#         1159
  C:0636H         LINE#         1160
  C:0636H         LINE#         1161
  C:0657H         LINE#         1162
  C:0657H         LINE#         1163
  C:065EH         LINE#         1164
  C:0660H         LINE#         1165
  C:0677H         LINE#         1166
  C:068CH         LINE#         1167
  C:0690H         LINE#         1168
  C:0690H         LINE#         1169
  C:0690H         LINE#         1170
  C:0692H         LINE#         1171
  C:069FH         LINE#         1172
  C:069FH         LINE#         1173
  C:06A6H         LINE#         1174
  C:06A6H         LINE#         1175
  C:06A9H         LINE#         1176
  C:06A9H         LINE#         1177
  C:06AEH         LINE#         1178
BL51 BANKED LINKER/LOCATER V6.22                                                      08/06/2018  16:22:31  PAGE 21


  C:06B0H         LINE#         1179
  C:06B9H         LINE#         1180
  C:06B9H         LINE#         1181
  C:06D2H         LINE#         1182
  C:06D2H         LINE#         1183
  C:06E0H         LINE#         1184
  C:06EAH         LINE#         1185
  C:06EAH         LINE#         1186
  C:06F0H         LINE#         1187
  C:06F0H         LINE#         1188
  C:06FAH         LINE#         1189
  C:070AH         LINE#         1190
  C:071AH         LINE#         1191
  C:071AH         LINE#         1192
  C:0720H         LINE#         1194
  C:0727H         LINE#         1195
  C:072EH         LINE#         1196
  C:072EH         LINE#         1197
  C:0738H         LINE#         1198
  C:0738H         LINE#         1199
  C:073EH         LINE#         1200
  C:073EH         LINE#         1201
  C:0741H         LINE#         1202
  C:0741H         LINE#         1203
  C:0741H         LINE#         1204
  C:0743H         LINE#         1210
  C:074BH         LINE#         1211
  C:074BH         LINE#         1212
  C:0764H         LINE#         1213
  C:0764H         LINE#         1214
  C:0772H         LINE#         1215
  C:077CH         LINE#         1216
  C:077CH         LINE#         1217
  C:0782H         LINE#         1218
  C:0782H         LINE#         1219
  C:078CH         LINE#         1220
  C:079CH         LINE#         1221
  C:07A9H         LINE#         1222
  C:07A9H         LINE#         1223
  C:07AFH         LINE#         1224
  C:07B1H         LINE#         1226
  C:07B1H         LINE#         1227
  C:07B6H         LINE#         1228
  C:07B6H         LINE#         1229
  C:07B6H         LINE#         1232
  C:07BEH         LINE#         1233
  C:07BEH         LINE#         1234
  C:07C6H         LINE#         1235
  C:07CDH         LINE#         1236
  C:07D5H         LINE#         1237
  C:07D5H         LINE#         1238
  C:07DBH         LINE#         1239
  C:07DFH         LINE#         1240
  C:07E1H         LINE#         1241
  C:07E5H         LINE#         1242
  C:07E5H         LINE#         1243
  C:07EBH         LINE#         1244
BL51 BANKED LINKER/LOCATER V6.22                                                      08/06/2018  16:22:31  PAGE 22


  C:07EFH         LINE#         1245
  C:07EFH         LINE#         1246
  C:07F2H         LINE#         1247
  C:07F2H         LINE#         1248
  C:07F4H         LINE#         1249
  C:07FAH         LINE#         1250
  C:07FAH         LINE#         1251
  C:07FFH         LINE#         1252
  C:0802H         LINE#         1254
  C:0802H         LINE#         1255
  C:080BH         LINE#         1256
  C:0812H         LINE#         1257
  C:081AH         LINE#         1258
  C:081AH         LINE#         1259
  C:0820H         LINE#         1260
  C:0824H         LINE#         1261
  C:0826H         LINE#         1262
  C:082AH         LINE#         1263
  C:082AH         LINE#         1264
  C:0830H         LINE#         1265
  C:0834H         LINE#         1266
  C:0834H         LINE#         1267
  C:083AH         LINE#         1268
  C:083AH         LINE#         1269
  C:083CH         LINE#         1270
  C:0842H         LINE#         1271
  C:0842H         LINE#         1272
  C:0842H         LINE#         1273
  C:0845H         LINE#         1274
  C:0845H         LINE#         1275
  C:084CH         LINE#         1276
  C:084CH         LINE#         1277
  C:0865H         LINE#         1278
  C:086FH         LINE#         1279
  C:088CH         LINE#         1280
  C:089AH         LINE#         1281
  C:08ADH         LINE#         1282
  C:08AFH         LINE#         1283
  C:08BCH         LINE#         1284
  C:08BCH         LINE#         1285
  C:08C3H         LINE#         1286
  C:08DBH         LINE#         1287
  C:08DBH         LINE#         1288
  C:08E4H         LINE#         1289
  C:08E6H         LINE#         1290
  C:08E6H         LINE#         1291
  C:0906H         LINE#         1292
  C:0906H         LINE#         1293
  C:090DH         LINE#         1294
  C:090FH         LINE#         1305
  C:090FH         LINE#         1306
  C:090FH         LINE#         1307
  C:090FH         LINE#         1308
  C:090FH         LINE#         1309
  C:090FH         LINE#         1311
  C:090FH         LINE#         1312
  C:090FH         LINE#         1313
BL51 BANKED LINKER/LOCATER V6.22                                                      08/06/2018  16:22:31  PAGE 23


  C:090FH         LINE#         1314
  C:090FH         LINE#         1315
  C:090FH         LINE#         1316
  C:090FH         LINE#         1318
  C:090FH         LINE#         1319
  C:090FH         LINE#         1320
  C:090FH         LINE#         1321
  C:090FH         LINE#         1322
  C:090FH         LINE#         1323
  C:090FH         LINE#         1325
  C:090FH         LINE#         1326
  C:090FH         LINE#         1327
  C:090FH         LINE#         1330
  C:0919H         LINE#         1331
  C:0919H         LINE#         1333
  C:0922H         LINE#         1334
  C:0922H         LINE#         1335
  C:0938H         LINE#         1336
  C:0938H         LINE#         1339
  C:093FH         LINE#         1340
  C:093FH         LINE#         1341
  C:0945H         LINE#         1342
  C:094BH         LINE#         1343
  C:094BH         LINE#         1345
  C:0952H         LINE#         1346
  C:0952H         LINE#         1347
  C:0969H         LINE#         1348
  C:097EH         LINE#         1349
  C:0982H         LINE#         1350
  C:0982H         LINE#         1351
  C:0982H         LINE#         1352
  C:0984H         LINE#         1353
  C:098EH         LINE#         1354
  C:098EH         LINE#         1355
  C:09A5H         LINE#         1356
  C:09BAH         LINE#         1357
  C:09BEH         LINE#         1358
  C:09BEH         LINE#         1359
  C:09C5H         LINE#         1360
  C:09C5H         LINE#         1361
  C:09C5H         LINE#         1362
  C:09C5H         LINE#         1364
  C:09CCH         LINE#         1365
  C:09CCH         LINE#         1366
  C:09E3H         LINE#         1367
  C:09F8H         LINE#         1368
  C:09FCH         LINE#         1369
  C:09FCH         LINE#         1370
  C:09FCH         LINE#         1371
  C:09FEH         LINE#         1372
  C:0A08H         LINE#         1373
  C:0A08H         LINE#         1374
  C:0A1FH         LINE#         1375
  C:0A34H         LINE#         1376
  C:0A38H         LINE#         1377
  C:0A38H         LINE#         1378
  C:0A3FH         LINE#         1379
BL51 BANKED LINKER/LOCATER V6.22                                                      08/06/2018  16:22:31  PAGE 24


  C:0A3FH         LINE#         1380
  C:0A3FH         LINE#         1381
  C:0A3FH         LINE#         1382
  C:0A46H         LINE#         1383
  C:0A46H         LINE#         1385
  C:0A4CH         LINE#         1386
  C:0A4CH         LINE#         1387
  C:0A52H         LINE#         1388
  C:0A52H         LINE#         1389
  C:0A52H         LINE#         1390
  C:0A52H         LINE#         1391
  C:0A52H         LINE#         1392
  C:0A52H         LINE#         1395
  C:0A65H         LINE#         1396
  C:0A65H         LINE#         1398
  C:0A6EH         LINE#         1399
  C:0A6EH         LINE#         1400
  C:0A84H         LINE#         1401
  C:0A84H         LINE#         1403
  C:0A8BH         LINE#         1404
  C:0A8BH         LINE#         1405
  C:0A91H         LINE#         1406
  C:0A97H         LINE#         1407
  C:0A97H         LINE#         1409
  C:0A9EH         LINE#         1410
  C:0A9EH         LINE#         1411
  C:0AB5H         LINE#         1412
  C:0ACAH         LINE#         1413
  C:0ACEH         LINE#         1414
  C:0ACEH         LINE#         1415
  C:0ACEH         LINE#         1416
  C:0AD0H         LINE#         1417
  C:0ADAH         LINE#         1418
  C:0ADAH         LINE#         1419
  C:0AF1H         LINE#         1420
  C:0B06H         LINE#         1421
  C:0B0AH         LINE#         1422
  C:0B0AH         LINE#         1423
  C:0B11H         LINE#         1424
  C:0B11H         LINE#         1425
  C:0B11H         LINE#         1426
  C:0B11H         LINE#         1428
  C:0B18H         LINE#         1429
  C:0B18H         LINE#         1430
  C:0B2FH         LINE#         1431
  C:0B44H         LINE#         1432
  C:0B48H         LINE#         1433
  C:0B48H         LINE#         1434
  C:0B4FH         LINE#         1435
  C:0B51H         LINE#         1436
  C:0B5BH         LINE#         1437
  C:0B5BH         LINE#         1438
  C:0B72H         LINE#         1439
  C:0B87H         LINE#         1440
  C:0B8BH         LINE#         1441
  C:0B8BH         LINE#         1442
  C:0B91H         LINE#         1443
BL51 BANKED LINKER/LOCATER V6.22                                                      08/06/2018  16:22:31  PAGE 25


  C:0B91H         LINE#         1444
  C:0B91H         LINE#         1445
  C:0B91H         LINE#         1446
  C:0B98H         LINE#         1447
  C:0B98H         LINE#         1448
  C:0B9EH         LINE#         1449
  C:0B9EH         LINE#         1450
  C:0BA4H         LINE#         1451
  C:0BA4H         LINE#         1452
  C:0BA4H         LINE#         1453
  C:0BA4H         LINE#         1454
  C:0BA4H         LINE#         1455
  C:0BA4H         LINE#         1458
  C:0BC3H         LINE#         1459
  C:0BC3H         LINE#         1461
  C:0BCCH         LINE#         1462
  C:0BCCH         LINE#         1463
  C:0BE2H         LINE#         1464
  C:0BE2H         LINE#         1466
  C:0BE9H         LINE#         1467
  C:0BE9H         LINE#         1468
  C:0BEFH         LINE#         1469
  C:0BF5H         LINE#         1470
  C:0BF5H         LINE#         1472
  C:0BFCH         LINE#         1473
  C:0BFCH         LINE#         1474
  C:0C13H         LINE#         1475
  C:0C28H         LINE#         1476
  C:0C2CH         LINE#         1477
  C:0C2CH         LINE#         1478
  C:0C2CH         LINE#         1479
  C:0C2EH         LINE#         1480
  C:0C38H         LINE#         1481
  C:0C38H         LINE#         1482
  C:0C4FH         LINE#         1483
  C:0C64H         LINE#         1484
  C:0C68H         LINE#         1485
  C:0C68H         LINE#         1486
  C:0C6FH         LINE#         1487
  C:0C6FH         LINE#         1488
  C:0C6FH         LINE#         1489
  C:0C6FH         LINE#         1491
  C:0C76H         LINE#         1492
  C:0C76H         LINE#         1493
  C:0C8DH         LINE#         1494
  C:0CA2H         LINE#         1495
  C:0CA6H         LINE#         1496
  C:0CA6H         LINE#         1497
  C:0CA6H         LINE#         1498
  C:0CA8H         LINE#         1499
  C:0CB2H         LINE#         1500
  C:0CB2H         LINE#         1501
  C:0CC9H         LINE#         1502
  C:0CDEH         LINE#         1503
  C:0CE2H         LINE#         1504
  C:0CE2H         LINE#         1505
  C:0CE9H         LINE#         1506
BL51 BANKED LINKER/LOCATER V6.22                                                      08/06/2018  16:22:31  PAGE 26


  C:0CE9H         LINE#         1507
  C:0CE9H         LINE#         1508
  C:0CE9H         LINE#         1509
  C:0CF0H         LINE#         1510
  C:0CF0H         LINE#         1511
  C:0CF6H         LINE#         1512
  C:0CF6H         LINE#         1513
  C:0CFCH         LINE#         1514
  C:0CFCH         LINE#         1515
  C:0CFCH         LINE#         1516
  C:0CFCH         LINE#         1517
  C:0CFCH         LINE#         1518
  C:0CFCH         LINE#         1520
  C:0D01H         LINE#         1522
  C:0D0BH         LINE#         1523
  C:0D0BH         LINE#         1525
  C:0D1DH         LINE#         1526
  C:0D1DH         LINE#         1527
  C:0D41H         LINE#         1528
  C:0D47H         LINE#         1529
  C:0D72H         LINE#         1530
  C:0D78H         LINE#         1531
  C:0D9AH         LINE#         1532
  C:0DA0H         LINE#         1533
  C:0DC3H         LINE#         1534
  C:0DC9H         LINE#         1535
  C:0DEBH         LINE#         1536
  C:0DF1H         LINE#         1537
  C:0E14H         LINE#         1538
  C:0E1AH         LINE#         1540
  C:0E31H         LINE#         1541
  C:0E31H         LINE#         1542
  C:0E50H         LINE#         1543
  C:0E56H         LINE#         1544
  C:0E81H         LINE#         1545
  C:0E87H         LINE#         1546
  C:0EA9H         LINE#         1547
  C:0EAFH         LINE#         1548
  C:0ED2H         LINE#         1549
  C:0ED8H         LINE#         1550
  C:0EFAH         LINE#         1551
  C:0F00H         LINE#         1552
  C:0F23H         LINE#         1553
  C:0F29H         LINE#         1554
  C:0F29H         LINE#         1555
  C:0F29H         LINE#         1556
  C:0F29H         LINE#         1558
  C:0F33H         LINE#         1559
  C:0F33H         LINE#         1561
  C:0F47H         LINE#         1562
  C:0F47H         LINE#         1563
  C:0F6BH         LINE#         1564
  C:0F71H         LINE#         1565
  C:0F9CH         LINE#         1566
  C:0FA2H         LINE#         1567
  C:0FC4H         LINE#         1568
  C:0FCAH         LINE#         1569
BL51 BANKED LINKER/LOCATER V6.22                                                      08/06/2018  16:22:31  PAGE 27


  C:0FEDH         LINE#         1570
  C:0FF3H         LINE#         1571
  C:1015H         LINE#         1572
  C:101BH         LINE#         1573
  C:103EH         LINE#         1574
  C:1044H         LINE#         1575
  C:1044H         LINE#         1577
  C:1044H         LINE#         1580
  C:104EH         LINE#         1581
  C:105AH         LINE#         1583
  C:105CH         LINE#         1585
  C:1061H         LINE#         1586
  C:1067H         LINE#         1587
  C:106DH         LINE#         1588
  C:1072H         LINE#         1591
  C:1092H         LINE#         1592
  C:1098H         LINE#         1593
  C:10B6H         LINE#         1594
  C:10BCH         LINE#         1595
  C:10D9H         LINE#         1596
  C:10DFH         LINE#         1597
  C:10FCH         LINE#         1598
  C:1102H         LINE#         1599
  C:111FH         LINE#         1600
  C:1125H         LINE#         1601
  C:1142H         LINE#         1602
  C:1148H         LINE#         1604
  C:114EH         LINE#         1605
  C:1152H         LINE#         1606
  C:1158H         LINE#         1607
  C:1173H         LINE#         1608
  C:1173H         LINE#         1609
  C:1182H         LINE#         1610
  C:1192H         LINE#         1611
  C:1197H         LINE#         1612
  C:1197H         LINE#         1613
  C:1197H         LINE#         1644
  C:119AH         LINE#         1645
  C:119AH         LINE#         1646
  C:11A3H         LINE#         1647
  C:11A3H         LINE#         1649
  C:11BEH         LINE#         1650
  C:11BEH         LINE#         1651
  C:11C9H         LINE#         1652
  C:11D9H         LINE#         1653
  C:11DEH         LINE#         1654
  C:11E2H         LINE#         1655
  C:11E2H         LINE#         1656
  C:11E2H         LINE#         1659
  C:11ECH         LINE#         1660
  C:11ECH         LINE#         1662
  C:1200H         LINE#         1663
  C:1200H         LINE#         1665
  C:1213H         LINE#         1666
  C:1224H         LINE#         1667
  C:122BH         LINE#         1668
  C:1238H         LINE#         1669
BL51 BANKED LINKER/LOCATER V6.22                                                      08/06/2018  16:22:31  PAGE 28


  C:123DH         LINE#         1670
  C:125AH         LINE#         1671
  C:125AH         LINE#         1674
  C:1267H         LINE#         1675
  C:1267H         LINE#         1676
  C:1282H         LINE#         1677
  C:1288H         LINE#         1678
  C:1290H         LINE#         1679
  C:1291H         LINE#         1680
  C:1294H         LINE#         1681
  C:12B4H         LINE#         1682
  C:12B4H         LINE#         1683
  C:12CCH         LINE#         1684
  C:12CFH         LINE#         1685
  C:12E4H         LINE#         1686
  C:12E4H         LINE#         1687
  C:12E7H         LINE#         1688
  C:1311H         LINE#         1689
  C:1311H         LINE#         1690
  C:132DH         LINE#         1691
  C:1336H         LINE#         1692
  C:135FH         LINE#         1693
  C:135FH         LINE#         1694
  C:137BH         LINE#         1695
  C:1392H         LINE#         1696
  C:1392H         LINE#         1697
  C:13A3H         LINE#         1699
  C:13A9H         LINE#         1700
  C:13A9H         LINE#         1701
  C:13BAH         LINE#         1702
  C:13CEH         LINE#         1703
  C:13DBH         LINE#         1704
  C:13DBH         LINE#         1705
  C:13E1H         LINE#         1706
  C:13E1H         LINE#         1707
  C:13F2H         LINE#         1708
  C:1406H         LINE#         1709
  C:1413H         LINE#         1710
  C:1413H         LINE#         1712
  C:142AH         LINE#         1713
  C:142AH         LINE#         1715
  C:143AH         LINE#         1716
  C:1447H         LINE#         1717
  C:144AH         LINE#         1718
  C:1457H         LINE#         1719
  C:145CH         LINE#         1720
  C:1479H         LINE#         1721
  C:1479H         LINE#         1723
  C:1486H         LINE#         1724
  C:1486H         LINE#         1725
  C:14A1H         LINE#         1726
  C:14A7H         LINE#         1727
  C:14AFH         LINE#         1728
  C:14B0H         LINE#         1729
  C:14B3H         LINE#         1730
  C:14D3H         LINE#         1731
  C:14D3H         LINE#         1732
BL51 BANKED LINKER/LOCATER V6.22                                                      08/06/2018  16:22:31  PAGE 29


  C:14EBH         LINE#         1733
  C:14EEH         LINE#         1734
  C:1503H         LINE#         1735
  C:1503H         LINE#         1736
  C:1506H         LINE#         1737
  C:1530H         LINE#         1738
  C:1530H         LINE#         1739
  C:154CH         LINE#         1740
  C:1555H         LINE#         1741
  C:157EH         LINE#         1742
  C:157EH         LINE#         1743
  C:159AH         LINE#         1744
  C:15B1H         LINE#         1745
  C:15B1H         LINE#         1746
  C:15C2H         LINE#         1748
  C:15C8H         LINE#         1749
  C:15C8H         LINE#         1750
  C:15D9H         LINE#         1751
  C:15EDH         LINE#         1752
  C:15FAH         LINE#         1753
  C:15FAH         LINE#         1754
  C:1600H         LINE#         1755
  C:1600H         LINE#         1756
  C:1611H         LINE#         1757
  C:1625H         LINE#         1758
  C:1632H         LINE#         1759
  C:1632H         LINE#         1760
  C:1632H         LINE#         1761
  C:1632H         LINE#         1762
  C:1632H         LINE#         1765
  C:163CH         LINE#         1766
  C:163CH         LINE#         1768
  C:1650H         LINE#         1769
  C:1650H         LINE#         1771
  C:165DH         LINE#         1772
  C:166AH         LINE#         1773
  C:1670H         LINE#         1774
  C:1675H         LINE#         1775
  C:1692H         LINE#         1776
  C:1692H         LINE#         1779
  C:169FH         LINE#         1780
  C:169FH         LINE#         1781
  C:16BAH         LINE#         1782
  C:16C0H         LINE#         1783
  C:16C8H         LINE#         1784
  C:16C9H         LINE#         1785
  C:16CCH         LINE#         1786
  C:16ECH         LINE#         1787
  C:16ECH         LINE#         1788
  C:1704H         LINE#         1789
  C:1707H         LINE#         1790
  C:171CH         LINE#         1791
  C:171CH         LINE#         1792
  C:171FH         LINE#         1793
  C:1722H         LINE#         1794
  C:1749H         LINE#         1795
  C:1749H         LINE#         1796
BL51 BANKED LINKER/LOCATER V6.22                                                      08/06/2018  16:22:31  PAGE 30


  C:1765H         LINE#         1797
  C:176EH         LINE#         1798
  C:1770H         LINE#         1799
  C:1797H         LINE#         1800
  C:1797H         LINE#         1801
  C:17B3H         LINE#         1802
  C:17CAH         LINE#         1803
  C:17CAH         LINE#         1804
  C:17DBH         LINE#         1806
  C:17E1H         LINE#         1807
  C:17E1H         LINE#         1808
  C:17F2H         LINE#         1809
  C:1806H         LINE#         1810
  C:1813H         LINE#         1811
  C:1813H         LINE#         1812
  C:1819H         LINE#         1813
  C:1819H         LINE#         1814
  C:182AH         LINE#         1815
  C:183EH         LINE#         1816
  C:184BH         LINE#         1817
  C:184BH         LINE#         1818
  C:184BH         LINE#         1819
  C:184BH         LINE#         1822
  C:1855H         LINE#         1823
  C:1855H         LINE#         1824
  C:185AH         LINE#         1826
  C:1863H         LINE#         1827
  C:1863H         LINE#         1829
  C:1866H         LINE#         1830
  C:1866H         LINE#         1831
  C:1878H         LINE#         1832
  C:187AH         LINE#         1833
  C:187AH         LINE#         1834
  C:187CH         LINE#         1836
  C:1886H         LINE#         1837
  C:1886H         LINE#         1838
  C:188BH         LINE#         1839
  C:1890H         LINE#         1840
  C:1890H         LINE#         1841
  C:189DH         LINE#         1842
  C:189DH         LINE#         1843
  C:18B0H         LINE#         1844
  C:18B0H         LINE#         1845
  C:18B0H         LINE#         1846
  C:18BAH         LINE#         1847
  C:18BAH         LINE#         1848
  C:18C0H         LINE#         1849
  C:18C0H         LINE#         1850
  C:18C5H         LINE#         1851
  C:18C7H         LINE#         1852
  C:18CDH         LINE#         1853
  C:18D3H         LINE#         1854
  C:18D3H         LINE#         1856
  C:18D9H         LINE#         1857
  C:18DCH         LINE#         1864
  C:18DCH         LINE#         1865
  C:18E2H         LINE#         1866
BL51 BANKED LINKER/LOCATER V6.22                                                      08/06/2018  16:22:31  PAGE 31


  C:18E4H         LINE#         1868
  C:18EAH         LINE#         1869
  C:18EEH         LINE#         1870
  C:18EEH         LINE#         1871
  C:18EEH         LINE#         1872
  C:18F1H         LINE#         1873
  C:18F1H         LINE#         1874
  C:18FBH         LINE#         1875
  C:18FBH         LINE#         1876
  C:1901H         LINE#         1877
  C:1901H         LINE#         1878
  C:1906H         LINE#         1879
  C:1908H         LINE#         1880
  C:190EH         LINE#         1881
  C:191CH         LINE#         1882
  C:191CH         LINE#         1883
  C:191CH         LINE#         1885
  C:1922H         LINE#         1886
  C:1924H         LINE#         1887
  C:1924H         LINE#         1889
  C:1924H         LINE#         1890
  C:1926H         LINE#         1891
  C:1926H         LINE#         1893
  C:1926H         LINE#         1894
  C:1928H         LINE#         1895
  C:1928H         LINE#         1896
  C:1928H         LINE#         1897
  C:1928H         LINE#         1898
  C:1928H         LINE#         1909
  C:1928H         LINE#         1910
  C:193AH         LINE#         1911
  C:193AH         LINE#         1912
  C:1940H         LINE#         1913
  C:1940H         LINE#         1914
  C:1945H         LINE#         1915
  C:1947H         LINE#         1916
  C:194DH         LINE#         1917
  C:195BH         LINE#         1918
  C:195BH         LINE#         1919
  C:195BH         LINE#         1921
  C:1961H         LINE#         1922
  C:1963H         LINE#         1923
  C:1963H         LINE#         1925
  C:1963H         LINE#         1926
  C:1965H         LINE#         1927
  C:1965H         LINE#         1929
  C:196AH         LINE#         1930
  C:196CH         LINE#         1931
  C:196CH         LINE#         1932
  C:196CH         LINE#         1933
  C:196CH         LINE#         1934
  C:196CH         LINE#         1936
  C:196CH         LINE#         1937
  C:1972H         LINE#         1938
  C:1974H         LINE#         1939
  C:197AH         LINE#         1941
  C:197EH         LINE#         1942
BL51 BANKED LINKER/LOCATER V6.22                                                      08/06/2018  16:22:31  PAGE 32


  C:197EH         LINE#         1943
  C:197EH         LINE#         1944
  C:197EH         LINE#         1945
  C:197EH         LINE#         1946
  C:197EH         LINE#         1947
  C:197EH         LINE#         1949
  C:1987H         LINE#         1950
  C:1987H         LINE#         1951
  C:1998H         LINE#         1952
  C:19A9H         LINE#         1953
  C:19AFH         LINE#         1954
  C:19AFH         LINE#         1955
  C:19AFH         LINE#         1957
  C:19C6H         LINE#         1958
  C:19C6H         LINE#         1959
  C:19D4H         LINE#         1960
  C:19D4H         LINE#         1961
  C:19F1H         LINE#         1962
  C:19F4H         LINE#         1963
  C:1A06H         LINE#         1964
  C:1A06H         LINE#         1965
  C:1A16H         LINE#         1966
  C:1A16H         LINE#         1971
  C:1A1EH         LINE#         1972
  C:1A1EH         LINE#         1973
  C:1A23H         LINE#         1974
  C:1A25H         LINE#         1975
  C:1A25H         LINE#         1977
  C:1A2DH         LINE#         1978
  C:1A2DH         LINE#         1979
  C:1A32H         LINE#         1980
  C:1A37H         LINE#         1981
  C:1A3CH         LINE#         1982
  C:1A3CH         LINE#         1983
  C:1A3EH         LINE#         1985
  C:1A44H         LINE#         1986
  C:1A44H         LINE#         1987
  C:1A46H         LINE#         1988
  C:1A48H         LINE#         1990
  C:1A55H         LINE#         1991
  C:1A58H         LINE#         1992
  C:1A5AH         LINE#         1993
  C:1A5FH         LINE#         1995
  C:1A69H         LINE#         1996
  C:1A69H         LINE#         1997
  C:1A73H         LINE#         1998
  C:1A73H         LINE#         1999
  C:1A76H         LINE#         2000
  C:1A78H         LINE#         2002
  C:1A78H         LINE#         2003
  C:1A7DH         LINE#         2004
  C:1A7DH         LINE#         2005
  C:1A7FH         LINE#         2006
  C:1A7FH         LINE#         2007
  C:1A7FH         LINE#         2009
  C:1A86H         LINE#         2010
  C:1A86H         LINE#         2011
BL51 BANKED LINKER/LOCATER V6.22                                                      08/06/2018  16:22:31  PAGE 33


  C:1A8FH         LINE#         2012
  C:1A8FH         LINE#         2013
  C:1A92H         LINE#         2014
  C:1A92H         LINE#         2015
  C:1A98H         LINE#         2016
  C:1A98H         LINE#         2019
  C:1AA1H         LINE#         2020
  C:1AA1H         LINE#         2021
  C:1AA4H         LINE#         2022
  C:1AA6H         LINE#         2024
  C:1AA6H         LINE#         2025
  C:1AAEH         LINE#         2027
  C:1ABCH         LINE#         2028
  C:1ABCH         LINE#         2029
  C:1AC2H         LINE#         2030
  C:1AC2H         LINE#         2031
  C:1AC2H         LINE#         2033
  C:1ACBH         LINE#         2034
  C:1ACBH         LINE#         2035
  C:1ACEH         LINE#         2036
  C:1AD0H         LINE#         2038
  C:1AD0H         LINE#         2039
  C:1AD8H         LINE#         2040
  C:1ADFH         LINE#         2041
  C:1ADFH         LINE#         2043
  C:1ADFH         LINE#         2046
  C:1ADFH         LINE#         2047
  C:1ADFH         LINE#         2048
  C:1AE5H         LINE#         2049
  C:1AE5H         LINE#         2050
  C:1AE5H         LINE#         2051
  C:1AE5H         LINE#         2052
  C:1AE5H         LINE#         2053
  C:1AE5H         LINE#         2055
  C:1AE9H         LINE#         2056
  C:1AE9H         LINE#         2057
  C:1AF2H         LINE#         2058
  C:1AF2H         LINE#         2059
  C:1AF5H         LINE#         2060
  C:1AF5H         LINE#         2061
  C:1AFBH         LINE#         2062
  C:1AFBH         LINE#         2064
  C:1B04H         LINE#         2065
  C:1B04H         LINE#         2066
  C:1B07H         LINE#         2067
  C:1B09H         LINE#         2069
  C:1B09H         LINE#         2070
  C:1B11H         LINE#         2072
  C:1B1FH         LINE#         2073
  C:1B1FH         LINE#         2074
  C:1B25H         LINE#         2075
  C:1B25H         LINE#         2076
  C:1B25H         LINE#         2079
  C:1B2EH         LINE#         2080
  C:1B2EH         LINE#         2081
  C:1B31H         LINE#         2082
  C:1B33H         LINE#         2084
BL51 BANKED LINKER/LOCATER V6.22                                                      08/06/2018  16:22:31  PAGE 34


  C:1B33H         LINE#         2085
  C:1B3BH         LINE#         2087
  C:1B42H         LINE#         2088
  C:1B42H         LINE#         2091
  C:1B48H         LINE#         2097
  C:1B48H         LINE#         2098
  C:1B48H         LINE#         2099
  C:1B48H         LINE#         2100
  C:1B48H         LINE#         2101
  C:1B48H         LINE#         2102
  C:1B48H         LINE#         2105
  C:1B48H         LINE#         2107
  C:1B48H         LINE#         2109
  C:1B4BH         LINE#         2110
  C:1B52H         LINE#         2111
  C:1B58H         LINE#         2112
  C:1B5CH         LINE#         2113
  C:1B61H         LINE#         2114
  C:1B67H         LINE#         2115
  C:1B70H         LINE#         2116
  C:1B70H         LINE#         2117
  C:1B73H         LINE#         2118
  C:1B73H         LINE#         2119
  C:1B79H         LINE#         2120
  C:1B79H         LINE#         2121
  C:1B80H         LINE#         2123
  C:1B8EH         LINE#         2124
  C:1BA3H         LINE#         2125
  C:1BA6H         LINE#         2127
  C:1BABH         LINE#         2128
  C:1BB4H         LINE#         2129
  C:1BB8H         LINE#         2130
  C:1BBEH         LINE#         2131
  C:1BC4H         LINE#         2132
  C:1BC9H         LINE#         2133
  C:1BC9H         LINE#         2134
  C:1BCCH         LINE#         2135
  C:1BD5H         LINE#         2136
  C:1BD5H         LINE#         2137
  C:1BD9H         LINE#         2138
  C:1BEEH         LINE#         2140
  C:1C2AH         LINE#         2141
  C:1C2AH         LINE#         2143
  C:1C2AH         LINE#         2144
  C:1C32H         LINE#         2145
  C:1C39H         LINE#         2146
  C:1C45H         LINE#         2147
  C:1C45H         LINE#         2148
  C:1C45H         LINE#         2149
  C:1C45H         LINE#         2150
  C:1C45H         LINE#         2151
  C:1C45H         LINE#         2152
  C:1C45H         LINE#         2153
  C:1C47H         LINE#         2154
  C:1C47H         LINE#         2155
  C:1C5CH         LINE#         2156
  C:1C66H         LINE#         2157
BL51 BANKED LINKER/LOCATER V6.22                                                      08/06/2018  16:22:31  PAGE 35


  C:1C6BH         LINE#         2158
  C:1C71H         LINE#         2159
  C:1C77H         LINE#         2160
  C:1C7CH         LINE#         2161
  C:1C7FH         LINE#         2163
  C:1C7FH         LINE#         2164
  C:1C92H         LINE#         2165
  C:1C96H         LINE#         2166
  C:1C96H         LINE#         2167
  C:1C99H         LINE#         2169
  C:1C99H         LINE#         2170
  C:1CACH         LINE#         2171
  C:1CB4H         LINE#         2172
  C:1CBBH         LINE#         2173
  C:1CBBH         LINE#         2174
  C:1CE8H         LINE#         2175
  C:1D02H         LINE#         2176
  C:1D02H         LINE#         2177
  C:1D05H         LINE#         2179
  C:1D05H         LINE#         2180
  C:1D1AH         LINE#         2181
  C:1D22H         LINE#         2182
  C:1D22H         LINE#         2183
  C:1D22H         LINE#         2185
  C:1D28H         LINE#         2186
  C:1D2CH         LINE#         2187
  C:1D30H         LINE#         2188
  C:1D35H         LINE#         2189
  C:1D35H         LINE#         2190
  C:1D35H         LINE#         2191
  C:1D35H         LINE#         2192
  C:1D35H         LINE#         2193
  C:1D35H         LINE#         2194
  C:1D35H         LINE#         2195
  C:1D35H         LINE#         2196
  C:1D35H         LINE#         2197
[...]
  C:30A5H         LINE#         3940
  C:30AFH         LINE#         3941
  C:30B4H         LINE#         3942
  C:30B7H         LINE#         3943
  C:30B7H         LINE#         3944
  C:30D2H         LINE#         3945
  C:30DEH         LINE#         3946
  C:30E9H         LINE#         3947
  C:30FDH         LINE#         3948
  C:30FDH         LINE#         3949
  C:3100H         LINE#         3950
  C:3100H         LINE#         3951
  C:3124H         LINE#         3952
  C:312FH         LINE#         3953
  C:312FH         LINE#         3955
  C:3144H         LINE#         3956
  C:3149H         LINE#         3958
  C:3153H         LINE#         3959
  C:3158H         LINE#         3960
  C:3162H         LINE#         3961
  C:3167H         LINE#         3962
  C:316AH         LINE#         3963
  C:316AH         LINE#         3965
  C:316AH         LINE#         3966
  C:316DH         LINE#         3967
  C:316DH         LINE#         3968
  C:316DH         LINE#         3970
  C:316DH         LINE#         3971
  C:316FH         LINE#         3972
  C:316FH         LINE#         3973
  -------         ENDPROC       COMMAND_13
  -------         PROC          COMMAND_15
BL51 BANKED LINKER/LOCATER V6.22                                                      08/06/2018  16:22:31  PAGE 62


  -------         DO            
  D:0001H         SYMBOL        p
  -------         ENDDO         
  C:4699H         LINE#         3975
  C:4699H         LINE#         3976
  C:4699H         LINE#         3978
  C:469FH         LINE#         3979
  C:46A9H         LINE#         3980
  C:46A9H         LINE#         3981
  C:46B1H         LINE#         3982
  C:46B7H         LINE#         3983
  C:46BFH         LINE#         3984
  C:46C5H         LINE#         3985
  C:46CDH         LINE#         3986
  C:46D3H         LINE#         3987
  C:46D6H         LINE#         3988
  C:46D6H         LINE#         3990
  C:46D6H         LINE#         3991
  C:46D8H         LINE#         3992
  C:46D8H         LINE#         3993
  -------         ENDPROC       COMMAND_15
  -------         PROC          COMMAND_17
  -------         DO            
  X:0324H         SYMBOL        i
  X:0326H         SYMBOL        j
  X:0327H         SYMBOL        k
  X:0328H         SYMBOL        p
  -------         ENDDO         
  C:3AFBH         LINE#         3995
  C:3AFBH         LINE#         3996
  C:3AFBH         LINE#         4000
  C:3B09H         LINE#         4001
  C:3B21H         LINE#         4002
  C:3B21H         LINE#         4003
  C:3B3DH         LINE#         4004
  C:3B62H         LINE#         4005
  C:3B62H         LINE#         4006
  C:3B62H         LINE#         4007
  C:3B62H         LINE#         4008
  C:3B62H         LINE#         4009
  C:3B62H         LINE#         4010
  C:3B62H         LINE#         4011
  C:3B62H         LINE#         4012
  C:3B62H         LINE#         4013
  C:3B67H         LINE#         4014
  C:3B69H         LINE#         4015
  C:3B69H         LINE#         4016
  C:3B6FH         LINE#         4017
  C:3B6FH         LINE#         4018
  C:3B6FH         LINE#         4019
  C:3B75H         LINE#         4020
  C:3B75H         LINE#         4021
  C:3B79H         LINE#         4022
  C:3B79H         LINE#         4023
  C:3BB2H         LINE#         4024
  C:3BBCH         LINE#         4025
  C:3BBFH         LINE#         4026
BL51 BANKED LINKER/LOCATER V6.22                                                      08/06/2018  16:22:31  PAGE 63


  C:3BBFH         LINE#         4028
  C:3BBFH         LINE#         4029
  C:3BC2H         LINE#         4030
  C:3BC2H         LINE#         4031
  C:3BC2H         LINE#         4033
  C:3BC2H         LINE#         4034
  C:3BC4H         LINE#         4035
  C:3BC4H         LINE#         4036
  -------         ENDPROC       COMMAND_17
  -------         PROC          COMMAND_19
  -------         DO            
  D:0007H         SYMBOL        i
  X:0324H         SYMBOL        p
  -------         ENDDO         
  C:411AH         LINE#         4038
  C:411AH         LINE#         4039
  C:411AH         LINE#         4042
  C:4128H         LINE#         4043
  C:413DH         LINE#         4044
  C:413DH         LINE#         4045
  C:413EH         LINE#         4046
  C:413EH         LINE#         4047
  C:4166H         LINE#         4048
  C:416BH         LINE#         4049
  C:4172H         LINE#         4050
  C:4172H         LINE#         4051
  C:4185H         LINE#         4052
  C:418CH         LINE#         4053
  C:418CH         LINE#         4054
  C:418FH         LINE#         4055
  C:418FH         LINE#         4057
  C:418FH         LINE#         4058
  C:4191H         LINE#         4059
  C:4191H         LINE#         4060
  -------         ENDPROC       COMMAND_19
  -------         PROC          COMMAND_1B
  -------         DO            
  D:0007H         SYMBOL        i
  X:0324H         SYMBOL        p
  -------         ENDDO         
  C:43E4H         LINE#         4062
  C:43E4H         LINE#         4063
  C:43E4H         LINE#         4066
  C:43F2H         LINE#         4067
  C:4407H         LINE#         4068
  C:4407H         LINE#         4069
  C:4408H         LINE#         4070
  C:4408H         LINE#         4071
  C:4430H         LINE#         4072
  C:4435H         LINE#         4073
  C:4438H         LINE#         4074
  C:4438H         LINE#         4076
  C:4438H         LINE#         4077
  C:443AH         LINE#         4078
  C:443AH         LINE#         4079
  -------         ENDPROC       COMMAND_1B
  -------         PROC          COMMAND_1D
BL51 BANKED LINKER/LOCATER V6.22                                                      08/06/2018  16:22:31  PAGE 64


  -------         DO            
  D:0007H         SYMBOL        i
  X:0324H         SYMBOL        p
  -------         ENDDO         
  C:443BH         LINE#         4081
  C:443BH         LINE#         4082
  C:443BH         LINE#         4085
  C:4449H         LINE#         4086
  C:445EH         LINE#         4087
  C:445EH         LINE#         4088
  C:445FH         LINE#         4089
  C:445FH         LINE#         4090
  C:4487H         LINE#         4091
  C:448CH         LINE#         4092
  C:448FH         LINE#         4093
  C:448FH         LINE#         4095
  C:448FH         LINE#         4096
  C:4491H         LINE#         4097
  C:4491H         LINE#         4098
  -------         ENDPROC       COMMAND_1D
  -------         PROC          COMMAND_1F
  -------         DO            
  D:0001H         SYMBOL        p
  -------         ENDDO         
  C:394EH         LINE#         4100
  C:394EH         LINE#         4101
  C:394EH         LINE#         4103
  C:3954H         LINE#         4104
  C:395FH         LINE#         4105
  C:395FH         LINE#         4106
  C:3969H         LINE#         4107
  C:3973H         LINE#         4108
  C:397DH         LINE#         4109
  C:3987H         LINE#         4110
  C:3991H         LINE#         4111
  C:399BH         LINE#         4112
  C:39A5H         LINE#         4113
  C:39AFH         LINE#         4115
  C:39B9H         LINE#         4116
  C:39C3H         LINE#         4117
  C:39CDH         LINE#         4118
  C:39D7H         LINE#         4119
  C:39E1H         LINE#         4120
  C:39EBH         LINE#         4121
  C:39F5H         LINE#         4122
  C:39FFH         LINE#         4124
  C:3A09H         LINE#         4126
  C:3A18H         LINE#         4127
  C:3A1FH         LINE#         4128
  C:3A22H         LINE#         4129
  C:3A22H         LINE#         4131
  C:3A22H         LINE#         4132
  C:3A24H         LINE#         4133
  C:3A24H         LINE#         4134
  -------         ENDPROC       COMMAND_1F
  -------         PROC          HEART_PROCESS
  -------         DO            
BL51 BANKED LINKER/LOCATER V6.22                                                      08/06/2018  16:22:31  PAGE 65


  X:0342H         SYMBOL        num
  X:0343H         SYMBOL        i
  X:0344H         SYMBOL        p
  -------         ENDDO         
  C:3707H         LINE#         4137
  C:3707H         LINE#         4138
  C:3707H         LINE#         4141
  C:3715H         LINE#         4143
  C:3725H         LINE#         4144
  C:3738H         LINE#         4146
  C:3742H         LINE#         4147
  C:374CH         LINE#         4149
  C:3756H         LINE#         4150
  C:3760H         LINE#         4151
  C:376AH         LINE#         4152
  C:3770H         LINE#         4153
  C:3778H         LINE#         4155
  C:377DH         LINE#         4156
  C:377DH         LINE#         4157
  C:37A9H         LINE#         4158
  C:37B3H         LINE#         4159
  C:37C2H         LINE#         4160
  C:37C2H         LINE#         4161
  C:37DBH         LINE#         4162
  C:37E3H         LINE#         4163
  C:37E9H         LINE#         4164
  C:37FCH         LINE#         4165
  C:3805H         LINE#         4166
  C:3805H         LINE#         4167
  C:3822H         LINE#         4168
  C:3822H         LINE#         4169
  C:383BH         LINE#         4170
  C:3843H         LINE#         4171
  C:384AH         LINE#         4172
  C:3850H         LINE#         4173
  C:3850H         LINE#         4174
  C:3856H         LINE#         4175
  -------         ENDPROC       HEART_PROCESS
  -------         ENDMOD        MAIN

  -------         MODULE        ADC_FUN
  C:0000H         SYMBOL        _ICE_DUMMY_
  B:00A8H.7       PUBLIC        EA
  D:00BDH         PUBLIC        ADC_RES
  D:00BCH         PUBLIC        ADC_CONTR
  C:4995H         PUBLIC        _Vin_8
  D:009DH         PUBLIC        P1ASF
  C:4829H         PUBLIC        _InitADC
  C:49F2H         PUBLIC        _GetADCResult
  -------         PROC          _INITADC
  D:0007H         SYMBOL        Port
  -------         DO            
  X:0324H         SYMBOL        i
  -------         ENDDO         
  C:4829H         LINE#         9
  C:4829H         LINE#         10
  C:4829H         LINE#         12
BL51 BANKED LINKER/LOCATER V6.22                                                      08/06/2018  16:22:31  PAGE 66


  C:482BH         LINE#         13
  C:482EH         LINE#         14
  C:4831H         LINE#         15
  C:4837H         LINE#         16
  C:4837H         LINE#         17
  C:483AH         LINE#         18
  C:4857H         LINE#         19
  -------         ENDPROC       _INITADC
  -------         PROC          _GETADCRESULT
  D:0007H         SYMBOL        ch
  -------         DO            
  D:0007H         SYMBOL        I
  -------         ENDDO         
  C:49F2H         LINE#         24
  C:49F2H         LINE#         25
  C:49F2H         LINE#         29
  C:49F7H         LINE#         30
  C:49F8H         LINE#         31
  C:49F9H         LINE#         32
  C:49FAH         LINE#         33
  C:49FBH         LINE#         34
  C:4A00H         LINE#         35
  C:4A03H         LINE#         38
  C:4A05H         LINE#         40
  C:4A08H         LINE#         41
  C:4A08H         LINE#         42
  -------         ENDPROC       _GETADCRESULT
  -------         PROC          _VIN_8
  D:0007H         SYMBOL        ADCResult
  D:0004H         SYMBOL        VREF
  -------         DO            
  D:0004H         SYMBOL        Vin
  -------         ENDDO         
  C:4995H         LINE#         47
  C:4995H         LINE#         48
  C:4995H         LINE#         50
  C:4997H         LINE#         52
  C:49AAH         LINE#         53
  C:49ACH         LINE#         54
  C:49ACH         LINE#         55
  -------         ENDPROC       _VIN_8
  -------         ENDMOD        ADC_FUN

  -------         MODULE        AM2305
  C:0000H         SYMBOL        _ICE_DUMMY_
  D:0090H         PUBLIC        P1
  B:00A8H.7       PUBLIC        EA
  B:0090H.1       PUBLIC        Sensor_SDA
  C:4658H         PUBLIC        _AM2305_Start
  C:42C9H         PUBLIC        AM2305_ReadByte
  -------         PROC          _AM2305_START
  D:0007H         SYMBOL        delay
  -------         DO            
  D:0006H         SYMBOL        i
  -------         ENDDO         
  C:4658H         LINE#         7
  C:4658H         LINE#         8
BL51 BANKED LINKER/LOCATER V6.22                                                      08/06/2018  16:22:31  PAGE 67


  C:4658H         LINE#         11
  C:465AH         LINE#         12
  C:465FH         LINE#         14
  C:4661H         LINE#         15
  C:4666H         LINE#         17
  C:4669H         LINE#         18
  C:4669H         LINE#         19
  C:466DH         LINE#         20
  C:4670H         LINE#         21
  C:4670H         LINE#         22
  C:467AH         LINE#         23
  C:467AH         LINE#         24
  C:467DH         LINE#         25
  C:467DH         LINE#         26
  C:467DH         LINE#         27
  C:4681H         LINE#         28
  C:4684H         LINE#         29
  C:4684H         LINE#         30
  C:468EH         LINE#         31
  C:468EH         LINE#         32
  C:4690H         LINE#         33
  C:4693H         LINE#         34
  C:4693H         LINE#         35
  C:4693H         LINE#         36
  C:4696H         LINE#         37
  C:4696H         LINE#         39
  C:4696H         LINE#         40
  C:4698H         LINE#         41
  C:4698H         LINE#         42
  -------         ENDPROC       _AM2305_START
  -------         PROC          AM2305_READBYTE
  -------         DO            
  X:0324H         SYMBOL        i
  X:0325H         SYMBOL        cnt
  X:0326H         SYMBOL        buffer
  X:0327H         SYMBOL        tmp
  -------         ENDDO         
  C:42C9H         LINE#         47
  C:42C9H         LINE#         48
  C:42C9H         LINE#         51
  C:42CEH         LINE#         53
  C:42D2H         LINE#         54
  C:42D2H         LINE#         55
  C:42D8H         LINE#         56
  C:42DBH         LINE#         57
  C:42DBH         LINE#         58
  C:42E5H         LINE#         59
  C:42E5H         LINE#         60
  C:42E7H         LINE#         61
  C:42E7H         LINE#         62
  C:42E7H         LINE#         64
  C:42ECH         LINE#         66
  C:42F1H         LINE#         67
  C:42F4H         LINE#         68
  C:42F4H         LINE#         69
  C:42F6H         LINE#         70
  C:42F6H         LINE#         71
BL51 BANKED LINKER/LOCATER V6.22                                                      08/06/2018  16:22:31  PAGE 68


  C:42FCH         LINE#         72
  C:42FFH         LINE#         73
  C:42FFH         LINE#         74
  C:4309H         LINE#         75
  C:4309H         LINE#         76
  C:430BH         LINE#         77
  C:430BH         LINE#         78
  C:430BH         LINE#         79
  C:4313H         LINE#         80
  C:431AH         LINE#         81
  C:4326H         LINE#         82
  C:432BH         LINE#         83
  -------         ENDPROC       AM2305_READBYTE
  -------         ENDMOD        AM2305

  -------         MODULE        ?C?CLDPTR
  C:3170H         PUBLIC        ?C?CLDPTR
  -------         ENDMOD        ?C?CLDPTR

  -------         MODULE        ?C?CLDOPTR
  C:3189H         PUBLIC        ?C?CLDOPTR
  -------         ENDMOD        ?C?CLDOPTR

  -------         MODULE        ?C?CSTPTR
  C:31B6H         PUBLIC        ?C?CSTPTR
  -------         ENDMOD        ?C?CSTPTR

  -------         MODULE        ?C?CSTOPTR
  C:31C8H         PUBLIC        ?C?CSTOPTR
  -------         ENDMOD        ?C?CSTOPTR

  -------         MODULE        ?C?IMUL
  C:31EAH         PUBLIC        ?C?IMUL
  -------         ENDMOD        ?C?IMUL

  -------         MODULE        ?C?ILDIX
  C:31FCH         PUBLIC        ?C?ILDIX
  -------         ENDMOD        ?C?ILDIX

  -------         MODULE        ?C?LMUL
  C:3212H         PUBLIC        ?C?LMUL
  -------         ENDMOD        ?C?LMUL

  -------         MODULE        ?C?ULDIV
  C:329DH         PUBLIC        ?C?ULDIV
  -------         ENDMOD        ?C?ULDIV

  -------         MODULE        ?C?ULCMP
  C:332FH         PUBLIC        ?C?ULCMP
  -------         ENDMOD        ?C?ULCMP

  -------         MODULE        ?C?ULSHR
  C:3340H         PUBLIC        ?C?ULSHR
  -------         ENDMOD        ?C?ULSHR

  -------         MODULE        ?C?LSTXDATA
  C:3353H         PUBLIC        ?C?LSTXDATA
BL51 BANKED LINKER/LOCATER V6.22                                                      08/06/2018  16:22:31  PAGE 69


  -------         ENDMOD        ?C?LSTXDATA

  -------         MODULE        ?C?OFFXADD
  C:335FH         PUBLIC        ?C?OFFXADD
  -------         ENDMOD        ?C?OFFXADD

  -------         MODULE        ?C?CCASE
  C:336BH         PUBLIC        ?C?CCASE
  -------         ENDMOD        ?C?CCASE

  -------         MODULE        ?C?ICASE
  C:3391H         PUBLIC        ?C?ICASE
  -------         ENDMOD        ?C?ICASE

  -------         MODULE        ?C?LIMUL
  C:33BEH         PUBLIC        ?C?LIMUL
  -------         ENDMOD        ?C?LIMUL

*** WARNING L16: UNCALLED SEGMENT, IGNORED FOR OVERLAY PROCESS
    SEGMENT: ?PR?LCDBUSY?LCD_FUN

*** WARNING L16: UNCALLED SEGMENT, IGNORED FOR OVERLAY PROCESS
    SEGMENT: ?PR?LCDINIT?LCD_FUN

*** WARNING L16: UNCALLED SEGMENT, IGNORED FOR OVERLAY PROCESS
    SEGMENT: ?PR?_SENDSTRING1?MAIN

*** WARNING L16: UNCALLED SEGMENT, IGNORED FOR OVERLAY PROCESS
    SEGMENT: ?PR?_GET_BUFF1?MAIN

*** WARNING L16: UNCALLED SEGMENT, IGNORED FOR OVERLAY PROCESS
    SEGMENT: ?PR?WIFI_CMODE?MAIN

*** WARNING L16: UNCALLED SEGMENT, IGNORED FOR OVERLAY PROCESS
    SEGMENT: ?PR?WIFI_TMODE?MAIN

*** WARNING L16: UNCALLED SEGMENT, IGNORED FOR OVERLAY PROCESS
    SEGMENT: ?PR?PING_IP_ADDR?MAIN

*** WARNING L16: UNCALLED SEGMENT, IGNORED FOR OVERLAY PROCESS
    SEGMENT: ?PR?WIFI_MDCH?MAIN

*** WARNING L16: UNCALLED SEGMENT, IGNORED FOR OVERLAY PROCESS
    SEGMENT: ?PR?WIFI_RESTART2?MAIN

*** WARNING L16: UNCALLED SEGMENT, IGNORED FOR OVERLAY PROCESS
    SEGMENT: ?PR?WIFI_AP?MAIN

*** WARNING L16: UNCALLED SEGMENT, IGNORED FOR OVERLAY PROCESS
    SEGMENT: ?PR?WIFI_STA?MAIN

*** WARNING L16: UNCALLED SEGMENT, IGNORED FOR OVERLAY PROCESS
    SEGMENT: ?PR?WIFI_APSTA?MAIN

*** WARNING L16: UNCALLED SEGMENT, IGNORED FOR OVERLAY PROCESS
    SEGMENT: ?PR?WIFI_STATUS?MAIN

BL51 BANKED LINKER/LOCATER V6.22                                                      08/06/2018  16:22:31  PAGE 70


*** WARNING L16: UNCALLED SEGMENT, IGNORED FOR OVERLAY PROCESS
    SEGMENT: ?PR?CLEARPRO_BUFFER?MAIN

*** WARNING L16: UNCALLED SEGMENT, IGNORED FOR OVERLAY PROCESS
    SEGMENT: ?PR?COMMAND_01?MAIN

*** WARNING L16: UNCALLED SEGMENT, IGNORED FOR OVERLAY PROCESS
    SEGMENT: ?PR?HEART_PROCESS?MAIN

*** WARNING L1: UNRESOLVED EXTERNAL SYMBOL
    SYMBOL:  DS18B20_READBYTE
    MODULE:  main.obj (MAIN)

*** WARNING L1: UNRESOLVED EXTERNAL SYMBOL
    SYMBOL:  DS18B20_INIT
    MODULE:  main.obj (MAIN)

*** WARNING L1: UNRESOLVED EXTERNAL SYMBOL
    SYMBOL:  _GET_DECIMAL
    MODULE:  main.obj (MAIN)

*** WARNING L1: UNRESOLVED EXTERNAL SYMBOL
    SYMBOL:  _GET_INTEGER
    MODULE:  main.obj (MAIN)

*** WARNING L2: REFERENCE MADE TO UNRESOLVED EXTERNAL
    SYMBOL:  DS18B20_INIT
    MODULE:  main.obj (MAIN)
    ADDRESS: 0192H

*** WARNING L2: REFERENCE MADE TO UNRESOLVED EXTERNAL
    SYMBOL:  DS18B20_INIT
    MODULE:  main.obj (MAIN)
    ADDRESS: 031FH

*** WARNING L2: REFERENCE MADE TO UNRESOLVED EXTERNAL
    SYMBOL:  DS18B20_READBYTE
    MODULE:  main.obj (MAIN)
    ADDRESS: 0322H

*** WARNING L2: REFERENCE MADE TO UNRESOLVED EXTERNAL
    SYMBOL:  DS18B20_READBYTE
    MODULE:  main.obj (MAIN)
    ADDRESS: 032AH

*** WARNING L2: REFERENCE MADE TO UNRESOLVED EXTERNAL
    SYMBOL:  _GET_INTEGER
    MODULE:  main.obj (MAIN)
    ADDRESS: 0337H

*** WARNING L2: REFERENCE MADE TO UNRESOLVED EXTERNAL
    SYMBOL:  _GET_DECIMAL
    MODULE:  main.obj (MAIN)
    ADDRESS: 0347H

Program Size: data=26.4 xdata=858 code=19100
LINK/LOCATE RUN COMPLETE.  26 WARNING(S),  0 ERROR(S)
